
Optional file libmchp_peripheral.a not found

Optional file libmchp_peripheral_32MX250F128B.a not found
Archive member included because of file (symbol)

d:/nu32/bin/bin/../../lib/gcc/pic32mx/4.8.3/../../../../pic32mx/lib\libpic32.a(memcpy.o)
                              build/default/production/_ext/610166344/usb_device.o (memcpy)
d:/nu32/bin/bin/../../lib/gcc/pic32mx/4.8.3/../../../../pic32mx/lib\libpic32.a(default-bootstrap-exception-handler.o)
                              C:\Users\yling\AppData\Local\Temp\cc8u7WIn.o (_bootstrap_exception_handler)
d:/nu32/bin/bin/../../lib/gcc/pic32mx/4.8.3/../../../../pic32mx/lib\libpic32.a(default-on-reset.o)
                              C:\Users\yling\AppData\Local\Temp\cc8u7WIn.o (_on_reset)
d:/nu32/bin/bin/../../lib/gcc/pic32mx/4.8.3/../../../../pic32mx/lib\libpic32.a(default-on-bootstrap.o)
                              C:\Users\yling\AppData\Local\Temp\cc8u7WIn.o (_on_bootstrap)
d:/nu32/bin/bin/../../lib/gcc/pic32mx/4.8.3/../../../../pic32mx/lib\libpic32.a(default-nmi-handler.o)
                              C:\Users\yling\AppData\Local\Temp\cc8u7WIn.o (_nmi_handler)
d:/nu32/bin/bin/../../lib/gcc/pic32mx/4.8.3/../../../../pic32mx/lib\libpic32.a(pic32_data_init.o)
                              C:\Users\yling\AppData\Local\Temp\cc8u7WIn.o (__pic32_data_init)
d:/nu32/bin/bin/../../lib/gcc/pic32mx/4.8.3/../../../../pic32mx/lib\libpic32.a(general-exception.o)
                              C:\Users\yling\AppData\Local\Temp\cc8u7WIn.o (_general_exception_context)
d:/nu32/bin/bin/../../lib/gcc/pic32mx/4.8.3/../../../../pic32mx/lib\libpic32.a(vector0.o)
                              C:\Users\yling\AppData\Local\Temp\ccgpMcV5.o (__vector_dispatch_0)
d:/nu32/bin/bin/../../lib/gcc/pic32mx/4.8.3/../../../../pic32mx/lib\libpic32.a(vector1.o)
                              C:\Users\yling\AppData\Local\Temp\ccgpMcV5.o (__vector_dispatch_1)
d:/nu32/bin/bin/../../lib/gcc/pic32mx/4.8.3/../../../../pic32mx/lib\libpic32.a(vector2.o)
                              C:\Users\yling\AppData\Local\Temp\ccgpMcV5.o (__vector_dispatch_2)
d:/nu32/bin/bin/../../lib/gcc/pic32mx/4.8.3/../../../../pic32mx/lib\libpic32.a(vector3.o)
                              C:\Users\yling\AppData\Local\Temp\ccgpMcV5.o (__vector_dispatch_3)
d:/nu32/bin/bin/../../lib/gcc/pic32mx/4.8.3/../../../../pic32mx/lib\libpic32.a(vector4.o)
                              C:\Users\yling\AppData\Local\Temp\ccgpMcV5.o (__vector_dispatch_4)
d:/nu32/bin/bin/../../lib/gcc/pic32mx/4.8.3/../../../../pic32mx/lib\libpic32.a(vector5.o)
                              C:\Users\yling\AppData\Local\Temp\ccgpMcV5.o (__vector_dispatch_5)
d:/nu32/bin/bin/../../lib/gcc/pic32mx/4.8.3/../../../../pic32mx/lib\libpic32.a(vector6.o)
                              C:\Users\yling\AppData\Local\Temp\ccgpMcV5.o (__vector_dispatch_6)
d:/nu32/bin/bin/../../lib/gcc/pic32mx/4.8.3/../../../../pic32mx/lib\libpic32.a(vector7.o)
                              C:\Users\yling\AppData\Local\Temp\ccgpMcV5.o (__vector_dispatch_7)
d:/nu32/bin/bin/../../lib/gcc/pic32mx/4.8.3/../../../../pic32mx/lib\libpic32.a(vector8.o)
                              C:\Users\yling\AppData\Local\Temp\ccgpMcV5.o (__vector_dispatch_8)
d:/nu32/bin/bin/../../lib/gcc/pic32mx/4.8.3/../../../../pic32mx/lib\libpic32.a(vector9.o)
                              C:\Users\yling\AppData\Local\Temp\ccgpMcV5.o (__vector_dispatch_9)
d:/nu32/bin/bin/../../lib/gcc/pic32mx/4.8.3/../../../../pic32mx/lib\libpic32.a(vector10.o)
                              C:\Users\yling\AppData\Local\Temp\ccgpMcV5.o (__vector_dispatch_10)
d:/nu32/bin/bin/../../lib/gcc/pic32mx/4.8.3/../../../../pic32mx/lib\libpic32.a(vector11.o)
                              C:\Users\yling\AppData\Local\Temp\ccgpMcV5.o (__vector_dispatch_11)
d:/nu32/bin/bin/../../lib/gcc/pic32mx/4.8.3/../../../../pic32mx/lib\libpic32.a(vector12.o)
                              C:\Users\yling\AppData\Local\Temp\ccgpMcV5.o (__vector_dispatch_12)
d:/nu32/bin/bin/../../lib/gcc/pic32mx/4.8.3/../../../../pic32mx/lib\libpic32.a(vector13.o)
                              C:\Users\yling\AppData\Local\Temp\ccgpMcV5.o (__vector_dispatch_13)
d:/nu32/bin/bin/../../lib/gcc/pic32mx/4.8.3/../../../../pic32mx/lib\libpic32.a(vector14.o)
                              C:\Users\yling\AppData\Local\Temp\ccgpMcV5.o (__vector_dispatch_14)
d:/nu32/bin/bin/../../lib/gcc/pic32mx/4.8.3/../../../../pic32mx/lib\libpic32.a(vector15.o)
                              C:\Users\yling\AppData\Local\Temp\ccgpMcV5.o (__vector_dispatch_15)
d:/nu32/bin/bin/../../lib/gcc/pic32mx/4.8.3/../../../../pic32mx/lib\libpic32.a(vector16.o)
                              C:\Users\yling\AppData\Local\Temp\ccgpMcV5.o (__vector_dispatch_16)
d:/nu32/bin/bin/../../lib/gcc/pic32mx/4.8.3/../../../../pic32mx/lib\libpic32.a(vector17.o)
                              C:\Users\yling\AppData\Local\Temp\ccgpMcV5.o (__vector_dispatch_17)
[...]
Memory Configuration

Name             Origin             Length             Attributes
kseg0_program_mem 0x9d000000         0x0001f000         xr
exception_mem    0x9d01f000         0x00001000
debug_exec_mem   0x9fc00490         0x00000760
kseg0_boot_mem   0x9fc00490         0x00000000
kseg1_boot_mem   0xbfc00000         0x00000490
config3          0xbfc00bf0         0x00000004
config2          0xbfc00bf4         0x00000004
config1          0xbfc00bf8         0x00000004
config0          0xbfc00bfc         0x00000004
kseg1_data_mem   0xa0000000         0x00008000         w !x
sfrs             0xbf800000         0x00100000
configsfrs       0xbfc00bf0         0x00000010
*default*        0x00000000         0xffffffff

Linker script and memory map

LOAD d:/nu32/bin/bin/../../lib/gcc/pic32mx/4.8.3/../../../../pic32mx/lib\debug-exception-return.o
LOAD build/default/production/_ext/639803181/sys_clk_pic32mx.o
LOAD build/default/production/_ext/340578644/sys_devcon.o
LOAD build/default/production/_ext/340578644/sys_devcon_pic32mx.o
LOAD build/default/production/_ext/822048611/sys_ports_static.o
LOAD build/default/production/_ext/1688732426/system_init.o
LOAD build/default/production/_ext/1688732426/system_interrupt.o
LOAD build/default/production/_ext/1688732426/system_exceptions.o
LOAD build/default/production/_ext/1688732426/system_tasks.o
LOAD build/default/production/_ext/1360937237/app.o
LOAD build/default/production/_ext/1360937237/main.o
LOAD build/default/production/_ext/1360937237/imu.o
LOAD build/default/production/_ext/1360937237/i2c_master.o
LOAD build/default/production/_ext/1360937237/ili9341.o
LOAD build/default/production/_ext/764219029/drv_usbfs.o
LOAD build/default/production/_ext/764219029/drv_usbfs_device.o
LOAD build/default/production/_ext/122796885/sys_int_pic32.o
LOAD build/default/production/_ext/610166344/usb_device.o
LOAD build/default/production/_ext/610166344/usb_device_cdc.o
LOAD build/default/production/_ext/610166344/usb_device_cdc_acm.o
LOAD ..\..\..\..\bin\framework\peripheral\PIC32MX250F128B_peripherals.a
                0x00000001                __MPLAB_BUILD = 0x1
                0x00000200                _min_heap_size = 0x200
LOAD C:\Users\yling\AppData\Local\Temp\cc8u7WIn.o
LOAD C:\Users\yling\AppData\Local\Temp\cccvm7jb.o
LOAD C:\Users\yling\AppData\Local\Temp\ccgpMcV5.o
LOAD d:/nu32/bin/bin/../../lib/gcc/pic32mx/4.8.3/../../../../pic32mx/lib/./proc/32MX250F128B\default_isr_vectors.o
LOAD d:/nu32/bin/bin/../../lib/gcc/pic32mx/4.8.3/../../../../pic32mx/lib\pic32_software_reset.o
                0x00000400                PROVIDE (_min_stack_size, 0x400)
START GROUP
LOAD d:/nu32/bin/bin/../../lib/gcc/pic32mx/4.8.3/../../../../pic32mx/lib/./proc/32MX250F128B\processor.o
END GROUP
START GROUP
LOAD libmchp_peripheral.a
END GROUP
START GROUP
LOAD libmchp_peripheral_32MX250F128B.a
END GROUP
                0x00000001                PROVIDE (_vector_spacing, 0x1)
                0x9d01f000                PROVIDE (_ebase_address, 0x9d01f000)
                0xbfc00000                _RESET_ADDR = 0xbfc00000
                0xbfc00380                _BEV_EXCPT_ADDR = 0xbfc00380
                0xbfc00480                _DBG_EXCPT_ADDR = 0xbfc00480
                0x9fc00490                _DBG_CODE_ADDR = 0x9fc00490
                0x00000760                _DBG_CODE_SIZE = 0x760
                0x9d01f180                _GEN_EXCPT_ADDR = (_ebase_address + 0x180)

.config_BFC00BF0
                0xbfc00bf0        0x4
 *(.config_BFC00BF0)
 .config_BFC00BF0
                0xbfc00bf0        0x4 build/default/production/_ext/1688732426/system_init.o

.config_BFC00BF4
                0xbfc00bf4        0x4
 *(.config_BFC00BF4)
 .config_BFC00BF4
                0xbfc00bf4        0x4 build/default/production/_ext/1688732426/system_init.o

.config_BFC00BF8
                0xbfc00bf8        0x4
 *(.config_BFC00BF8)
 .config_BFC00BF8
                0xbfc00bf8        0x4 build/default/production/_ext/1688732426/system_init.o

.config_BFC00BFC
                0xbfc00bfc        0x4
 *(.config_BFC00BFC)
 .config_BFC00BFC
                0xbfc00bfc        0x4 build/default/production/_ext/1688732426/system_init.o
                0xbfc02000                PROVIDE (_DBG_CODE_ADDR, 0xbfc02000)
                0x00000ff0                PROVIDE (_DBG_CODE_SIZE, 0xff0)

.reset          0xbfc00000      0x184
 *(.reset)
 .reset         0xbfc00000        0x8 C:\Users\yling\AppData\Local\Temp\cc8u7WIn.o
                0xbfc00000                _reset
 *(.reset.startup)
 .reset.startup
                0xbfc00008      0x17c C:\Users\yling\AppData\Local\Temp\cc8u7WIn.o
                0xbfc00008                _startup

.bev_excpt      0xbfc00380       0x10
 *(.bev_handler)
 .bev_handler   0xbfc00380       0x10 C:\Users\yling\AppData\Local\Temp\cc8u7WIn.o

.dbg_excpt      0xbfc00480        0x0
                0xbfc00480                . = (. + DEFINED (_DEBUGGER)?0x8:0x0)

.dbg_code       0x9fc00490        0x0
                0x9fc00490                . = (. + DEFINED (_DEBUGGER)?_DBG_CODE_SIZE:0x0)

.app_excpt      0x9d01f180       0x10
 *(.gen_handler)
 .gen_handler   0x9d01f180       0x10 C:\Users\yling\AppData\Local\Temp\cc8u7WIn.o

.vector_0       0x9d01f200        0x8
 *(.vector_0)
 .vector_0      0x9d01f200        0x8 d:/nu32/bin/bin/../../lib/gcc/pic32mx/4.8.3/../../../../pic32mx/lib\libpic32.a(vector0.o)
                0x9d01f200                __vector_dispatch_0
                0x00000001                ASSERT (((_vector_spacing == 0x0) || (SIZEOF (.vector_0) <= (_vector_spacing << 0x5))), function at exception vector 0 too large)

.vector_1       0x9d01f220        0x8
 *(.vector_1)
 .vector_1      0x9d01f220        0x8 d:/nu32/bin/bin/../../lib/gcc/pic32mx/4.8.3/../../../../pic32mx/lib\libpic32.a(vector1.o)
                0x9d01f220                __vector_dispatch_1
                0x00000001                ASSERT (((_vector_spacing == 0x0) || (SIZEOF (.vector_1) <= (_vector_spacing << 0x5))), function at exception vector 1 too large)

.vector_2       0x9d01f240        0x8
 *(.vector_2)
 .vector_2      0x9d01f240        0x8 d:/nu32/bin/bin/../../lib/gcc/pic32mx/4.8.3/../../../../pic32mx/lib\libpic32.a(vector2.o)
                0x9d01f240                __vector_dispatch_2
                0x00000001                ASSERT (((_vector_spacing == 0x0) || (SIZEOF (.vector_2) <= (_vector_spacing << 0x5))), function at exception vector 2 too large)

.vector_3       0x9d01f260        0x8
 *(.vector_3)
 .vector_3      0x9d01f260        0x8 d:/nu32/bin/bin/../../lib/gcc/pic32mx/4.8.3/../../../../pic32mx/lib\libpic32.a(vector3.o)
                0x9d01f260                __vector_dispatch_3
                0x00000001                ASSERT (((_vector_spacing == 0x0) || (SIZEOF (.vector_3) <= (_vector_spacing << 0x5))), function at exception vector 3 too large)

.vector_4       0x9d01f280        0x8
 *(.vector_4)
 .vector_4      0x9d01f280        0x8 d:/nu32/bin/bin/../../lib/gcc/pic32mx/4.8.3/../../../../pic32mx/lib\libpic32.a(vector4.o)
                0x9d01f280                __vector_dispatch_4
                0x00000001                ASSERT (((_vector_spacing == 0x0) || (SIZEOF (.vector_4) <= (_vector_spacing << 0x5))), function at exception vector 4 too large)

.vector_5       0x9d01f2a0        0x8
 *(.vector_5)
 .vector_5      0x9d01f2a0        0x8 d:/nu32/bin/bin/../../lib/gcc/pic32mx/4.8.3/../../../../pic32mx/lib\libpic32.a(vector5.o)
                0x9d01f2a0                __vector_dispatch_5
                0x00000001                ASSERT (((_vector_spacing == 0x0) || (SIZEOF (.vector_5) <= (_vector_spacing << 0x5))), function at exception vector 5 too large)

.vector_6       0x9d01f2c0        0x8
 *(.vector_6)
 .vector_6      0x9d01f2c0        0x8 d:/nu32/bin/bin/../../lib/gcc/pic32mx/4.8.3/../../../../pic32mx/lib\libpic32.a(vector6.o)
                0x9d01f2c0                __vector_dispatch_6
                0x00000001                ASSERT (((_vector_spacing == 0x0) || (SIZEOF (.vector_6) <= (_vector_spacing << 0x5))), function at exception vector 6 too large)

.vector_7       0x9d01f2e0        0x8
 *(.vector_7)
 .vector_7      0x9d01f2e0        0x8 d:/nu32/bin/bin/../../lib/gcc/pic32mx/4.8.3/../../../../pic32mx/lib\libpic32.a(vector7.o)
                0x9d01f2e0                __vector_dispatch_7
                0x00000001                ASSERT (((_vector_spacing == 0x0) || (SIZEOF (.vector_7) <= (_vector_spacing << 0x5))), function at exception vector 7 too large)

.vector_8       0x9d01f300        0x8
 *(.vector_8)
 .vector_8      0x9d01f300        0x8 d:/nu32/bin/bin/../../lib/gcc/pic32mx/4.8.3/../../../../pic32mx/lib\libpic32.a(vector8.o)
                0x9d01f300                __vector_dispatch_8
                0x00000001                ASSERT (((_vector_spacing == 0x0) || (SIZEOF (.vector_8) <= (_vector_spacing << 0x5))), function at exception vector 8 too large)

.vector_9       0x9d01f320        0x8
 *(.vector_9)
 .vector_9      0x9d01f320        0x8 d:/nu32/bin/bin/../../lib/gcc/pic32mx/4.8.3/../../../../pic32mx/lib\libpic32.a(vector9.o)
                0x9d01f320                __vector_dispatch_9
                0x00000001                ASSERT (((_vector_spacing == 0x0) || (SIZEOF (.vector_9) <= (_vector_spacing << 0x5))), function at exception vector 9 too large)

.vector_10      0x9d01f340        0x8
 *(.vector_10)
 .vector_10     0x9d01f340        0x8 d:/nu32/bin/bin/../../lib/gcc/pic32mx/4.8.3/../../../../pic32mx/lib\libpic32.a(vector10.o)
                0x9d01f340                __vector_dispatch_10
                0x00000001                ASSERT (((_vector_spacing == 0x0) || (SIZEOF (.vector_10) <= (_vector_spacing << 0x5))), function at exception vector 10 too large)

.vector_11      0x9d01f360        0x8
 *(.vector_11)
 .vector_11     0x9d01f360        0x8 d:/nu32/bin/bin/../../lib/gcc/pic32mx/4.8.3/../../../../pic32mx/lib\libpic32.a(vector11.o)
                0x9d01f360                __vector_dispatch_11
                0x00000001                ASSERT (((_vector_spacing == 0x0) || (SIZEOF (.vector_11) <= (_vector_spacing << 0x5))), function at exception vector 11 too large)

.vector_12      0x9d01f380        0x8
 *(.vector_12)
 .vector_12     0x9d01f380        0x8 d:/nu32/bin/bin/../../lib/gcc/pic32mx/4.8.3/../../../../pic32mx/lib\libpic32.a(vector12.o)
                0x9d01f380                __vector_dispatch_12
                0x00000001                ASSERT (((_vector_spacing == 0x0) || (SIZEOF (.vector_12) <= (_vector_spacing << 0x5))), function at exception vector 12 too large)

.vector_13      0x9d01f3a0        0x8
 *(.vector_13)
 .vector_13     0x9d01f3a0        0x8 d:/nu32/bin/bin/../../lib/gcc/pic32mx/4.8.3/../../../../pic32mx/lib\libpic32.a(vector13.o)
                0x9d01f3a0                __vector_dispatch_13
                0x00000001                ASSERT (((_vector_spacing == 0x0) || (SIZEOF (.vector_13) <= (_vector_spacing << 0x5))), function at exception vector 13 too large)

.vector_14      0x9d01f3c0        0x8
 *(.vector_14)
 .vector_14     0x9d01f3c0        0x8 d:/nu32/bin/bin/../../lib/gcc/pic32mx/4.8.3/../../../../pic32mx/lib\libpic32.a(vector14.o)
                0x9d01f3c0                __vector_dispatch_14
                0x00000001                ASSERT (((_vector_spacing == 0x0) || (SIZEOF (.vector_14) <= (_vector_spacing << 0x5))), function at exception vector 14 too large)

.vector_15      0x9d01f3e0        0x8
 *(.vector_15)
 .vector_15     0x9d01f3e0        0x8 d:/nu32/bin/bin/../../lib/gcc/pic32mx/4.8.3/../../../../pic32mx/lib\libpic32.a(vector15.o)
                0x9d01f3e0                __vector_dispatch_15
                0x00000001                ASSERT (((_vector_spacing == 0x0) || (SIZEOF (.vector_15) <= (_vector_spacing << 0x5))), function at exception vector 15 too large)

.vector_16      0x9d01f400        0x8
 *(.vector_16)
 .vector_16     0x9d01f400        0x8 d:/nu32/bin/bin/../../lib/gcc/pic32mx/4.8.3/../../../../pic32mx/lib\libpic32.a(vector16.o)
                0x9d01f400                __vector_dispatch_16
                0x00000001                ASSERT (((_vector_spacing == 0x0) || (SIZEOF (.vector_16) <= (_vector_spacing << 0x5))), function at exception vector 16 too large)

.vector_17      0x9d01f420        0x8
 *(.vector_17)
 .vector_17     0x9d01f420        0x8 d:/nu32/bin/bin/../../lib/gcc/pic32mx/4.8.3/../../../../pic32mx/lib\libpic32.a(vector17.o)
                0x9d01f420                __vector_dispatch_17
                0x00000001                ASSERT (((_vector_spacing == 0x0) || (SIZEOF (.vector_17) <= (_vector_spacing << 0x5))), function at exception vector 17 too large)

.vector_18      0x9d01f440        0x8
 *(.vector_18)
 .vector_18     0x9d01f440        0x8 d:/nu32/bin/bin/../../lib/gcc/pic32mx/4.8.3/../../../../pic32mx/lib\libpic32.a(vector18.o)
                0x9d01f440                __vector_dispatch_18
                0x00000001                ASSERT (((_vector_spacing == 0x0) || (SIZEOF (.vector_18) <= (_vector_spacing << 0x5))), function at exception vector 18 too large)

.vector_19      0x9d01f460        0x8
 *(.vector_19)
 .vector_19     0x9d01f460        0x8 d:/nu32/bin/bin/../../lib/gcc/pic32mx/4.8.3/../../../../pic32mx/lib\libpic32.a(vector19.o)
                0x9d01f460                __vector_dispatch_19
                0x00000001                ASSERT (((_vector_spacing == 0x0) || (SIZEOF (.vector_19) <= (_vector_spacing << 0x5))), function at exception vector 19 too large)

.vector_20      0x9d01f480        0x8
 *(.vector_20)
 .vector_20     0x9d01f480        0x8 d:/nu32/bin/bin/../../lib/gcc/pic32mx/4.8.3/../../../../pic32mx/lib\libpic32.a(vector20.o)
                0x9d01f480                __vector_dispatch_20
                0x00000001                ASSERT (((_vector_spacing == 0x0) || (SIZEOF (.vector_20) <= (_vector_spacing << 0x5))), function at exception vector 20 too large)

.vector_21      0x9d01f4a0        0x8
 *(.vector_21)
 .vector_21     0x9d01f4a0        0x8 d:/nu32/bin/bin/../../lib/gcc/pic32mx/4.8.3/../../../../pic32mx/lib\libpic32.a(vector21.o)
                0x9d01f4a0                __vector_dispatch_21
                0x00000001                ASSERT (((_vector_spacing == 0x0) || (SIZEOF (.vector_21) <= (_vector_spacing << 0x5))), function at exception vector 21 too large)

.vector_22      0x9d01f4c0        0x8
 *(.vector_22)
 .vector_22     0x9d01f4c0        0x8 d:/nu32/bin/bin/../../lib/gcc/pic32mx/4.8.3/../../../../pic32mx/lib\libpic32.a(vector22.o)
                0x9d01f4c0                __vector_dispatch_22
                0x00000001                ASSERT (((_vector_spacing == 0x0) || (SIZEOF (.vector_22) <= (_vector_spacing << 0x5))), function at exception vector 22 too large)

.vector_23      0x9d01f4e0        0x8
 *(.vector_23)
 .vector_23     0x9d01f4e0        0x8 d:/nu32/bin/bin/../../lib/gcc/pic32mx/4.8.3/../../../../pic32mx/lib\libpic32.a(vector23.o)
                0x9d01f4e0                __vector_dispatch_23
                0x00000001                ASSERT (((_vector_spacing == 0x0) || (SIZEOF (.vector_23) <= (_vector_spacing << 0x5))), function at exception vector 23 too large)

.vector_24      0x9d01f500        0x8
 *(.vector_24)
 .vector_24     0x9d01f500        0x8 d:/nu32/bin/bin/../../lib/gcc/pic32mx/4.8.3/../../../../pic32mx/lib\libpic32.a(vector24.o)
                0x9d01f500                __vector_dispatch_24
                0x00000001                ASSERT (((_vector_spacing == 0x0) || (SIZEOF (.vector_24) <= (_vector_spacing << 0x5))), function at exception vector 24 too large)

.vector_25      0x9d01f520        0x8
 *(.vector_25)
 .vector_25     0x9d01f520        0x8 d:/nu32/bin/bin/../../lib/gcc/pic32mx/4.8.3/../../../../pic32mx/lib\libpic32.a(vector25.o)
                0x9d01f520                __vector_dispatch_25
                0x00000001                ASSERT (((_vector_spacing == 0x0) || (SIZEOF (.vector_25) <= (_vector_spacing << 0x5))), function at exception vector 25 too large)

.vector_26      0x9d01f540        0x8
 *(.vector_26)
 .vector_26     0x9d01f540        0x8 d:/nu32/bin/bin/../../lib/gcc/pic32mx/4.8.3/../../../../pic32mx/lib\libpic32.a(vector26.o)
                0x9d01f540                __vector_dispatch_26
                0x00000001                ASSERT (((_vector_spacing == 0x0) || (SIZEOF (.vector_26) <= (_vector_spacing << 0x5))), function at exception vector 26 too large)

.vector_27      0x9d01f560        0x8
 *(.vector_27)
 .vector_27     0x9d01f560        0x8 d:/nu32/bin/bin/../../lib/gcc/pic32mx/4.8.3/../../../../pic32mx/lib\libpic32.a(vector27.o)
                0x9d01f560                __vector_dispatch_27
                0x00000001                ASSERT (((_vector_spacing == 0x0) || (SIZEOF (.vector_27) <= (_vector_spacing << 0x5))), function at exception vector 27 too large)

.vector_28      0x9d01f580        0x8
 *(.vector_28)
 .vector_28     0x9d01f580        0x8 d:/nu32/bin/bin/../../lib/gcc/pic32mx/4.8.3/../../../../pic32mx/lib\libpic32.a(vector28.o)
                0x9d01f580                __vector_dispatch_28
                0x00000001                ASSERT (((_vector_spacing == 0x0) || (SIZEOF (.vector_28) <= (_vector_spacing << 0x5))), function at exception vector 28 too large)

.vector_29      0x9d01f5a0        0x8
 *(.vector_29)
 .vector_29     0x9d01f5a0        0x8 d:/nu32/bin/bin/../../lib/gcc/pic32mx/4.8.3/../../../../pic32mx/lib\libpic32.a(vector29.o)
                0x9d01f5a0                __vector_dispatch_29
                0x00000001                ASSERT (((_vector_spacing == 0x0) || (SIZEOF (.vector_29) <= (_vector_spacing << 0x5))), function at exception vector 29 too large)

.vector_30      0x9d01f5c0        0x8
 *(.vector_30)
 .vector_30     0x9d01f5c0        0x8 build/default/production/_ext/1688732426/system_interrupt.o
                0x9d01f5c0                __vector_dispatch_30
                0x00000001                ASSERT (((_vector_spacing == 0x0) || (SIZEOF (.vector_30) <= (_vector_spacing << 0x5))), function at exception vector 30 too large)

.vector_31      0x9d01f5e0        0x8
 *(.vector_31)
 .vector_31     0x9d01f5e0        0x8 d:/nu32/bin/bin/../../lib/gcc/pic32mx/4.8.3/../../../../pic32mx/lib\libpic32.a(vector31.o)
                0x9d01f5e0                __vector_dispatch_31
                0x00000001                ASSERT (((_vector_spacing == 0x0) || (SIZEOF (.vector_31) <= (_vector_spacing << 0x5))), function at exception vector 31 too large)

.vector_32      0x9d01f600        0x8
 *(.vector_32)
 .vector_32     0x9d01f600        0x8 d:/nu32/bin/bin/../../lib/gcc/pic32mx/4.8.3/../../../../pic32mx/lib\libpic32.a(vector32.o)
                0x9d01f600                __vector_dispatch_32
                0x00000001                ASSERT (((_vector_spacing == 0x0) || (SIZEOF (.vector_32) <= (_vector_spacing << 0x5))), function at exception vector 32 too large)

.vector_33      0x9d01f620        0x8
 *(.vector_33)
 .vector_33     0x9d01f620        0x8 d:/nu32/bin/bin/../../lib/gcc/pic32mx/4.8.3/../../../../pic32mx/lib\libpic32.a(vector33.o)
                0x9d01f620                __vector_dispatch_33
                0x00000001                ASSERT (((_vector_spacing == 0x0) || (SIZEOF (.vector_33) <= (_vector_spacing << 0x5))), function at exception vector 33 too large)

.vector_34      0x9d01f640        0x8
 *(.vector_34)
 .vector_34     0x9d01f640        0x8 d:/nu32/bin/bin/../../lib/gcc/pic32mx/4.8.3/../../../../pic32mx/lib\libpic32.a(vector34.o)
                0x9d01f640                __vector_dispatch_34
                0x00000001                ASSERT (((_vector_spacing == 0x0) || (SIZEOF (.vector_34) <= (_vector_spacing << 0x5))), function at exception vector 34 too large)

.vector_35      0x9d01f660        0x8
 *(.vector_35)
 .vector_35     0x9d01f660        0x8 d:/nu32/bin/bin/../../lib/gcc/pic32mx/4.8.3/../../../../pic32mx/lib\libpic32.a(vector35.o)
                0x9d01f660                __vector_dispatch_35
                0x00000001                ASSERT (((_vector_spacing == 0x0) || (SIZEOF (.vector_35) <= (_vector_spacing << 0x5))), function at exception vector 35 too large)

.vector_36      0x9d01f680        0x8
 *(.vector_36)
 .vector_36     0x9d01f680        0x8 d:/nu32/bin/bin/../../lib/gcc/pic32mx/4.8.3/../../../../pic32mx/lib\libpic32.a(vector36.o)
                0x9d01f680                __vector_dispatch_36
                0x00000001                ASSERT (((_vector_spacing == 0x0) || (SIZEOF (.vector_36) <= (_vector_spacing << 0x5))), function at exception vector 36 too large)

.vector_37      0x9d01f6a0        0x8
 *(.vector_37)
 .vector_37     0x9d01f6a0        0x8 d:/nu32/bin/bin/../../lib/gcc/pic32mx/4.8.3/../../../../pic32mx/lib\libpic32.a(vector37.o)
                0x9d01f6a0                __vector_dispatch_37
                0x00000001                ASSERT (((_vector_spacing == 0x0) || (SIZEOF (.vector_37) <= (_vector_spacing << 0x5))), function at exception vector 37 too large)

.vector_38      0x9d01f6c0        0x8
 *(.vector_38)
 .vector_38     0x9d01f6c0        0x8 d:/nu32/bin/bin/../../lib/gcc/pic32mx/4.8.3/../../../../pic32mx/lib\libpic32.a(vector38.o)
                0x9d01f6c0                __vector_dispatch_38
                0x00000001                ASSERT (((_vector_spacing == 0x0) || (SIZEOF (.vector_38) <= (_vector_spacing << 0x5))), function at exception vector 38 too large)

.vector_39      0x9d01f6e0        0x8
 *(.vector_39)
 .vector_39     0x9d01f6e0        0x8 d:/nu32/bin/bin/../../lib/gcc/pic32mx/4.8.3/../../../../pic32mx/lib\libpic32.a(vector39.o)
                0x9d01f6e0                __vector_dispatch_39
                0x00000001                ASSERT (((_vector_spacing == 0x0) || (SIZEOF (.vector_39) <= (_vector_spacing << 0x5))), function at exception vector 39 too large)

.vector_40      0x9d01f700        0x8
 *(.vector_40)
 .vector_40     0x9d01f700        0x8 d:/nu32/bin/bin/../../lib/gcc/pic32mx/4.8.3/../../../../pic32mx/lib\libpic32.a(vector40.o)
                0x9d01f700                __vector_dispatch_40
                0x00000001                ASSERT (((_vector_spacing == 0x0) || (SIZEOF (.vector_40) <= (_vector_spacing << 0x5))), function at exception vector 40 too large)

.vector_41      0x9d01f720        0x8
 *(.vector_41)
 .vector_41     0x9d01f720        0x8 d:/nu32/bin/bin/../../lib/gcc/pic32mx/4.8.3/../../../../pic32mx/lib\libpic32.a(vector41.o)
                0x9d01f720                __vector_dispatch_41
                0x00000001                ASSERT (((_vector_spacing == 0x0) || (SIZEOF (.vector_41) <= (_vector_spacing << 0x5))), function at exception vector 41 too large)

.vector_42      0x9d01f740        0x8
 *(.vector_42)
 .vector_42     0x9d01f740        0x8 d:/nu32/bin/bin/../../lib/gcc/pic32mx/4.8.3/../../../../pic32mx/lib\libpic32.a(vector42.o)
                0x9d01f740                __vector_dispatch_42
                0x00000001                ASSERT (((_vector_spacing == 0x0) || (SIZEOF (.vector_42) <= (_vector_spacing << 0x5))), function at exception vector 42 too large)

.vector_43      0x9d01f760        0x8
 *(.vector_43)
 .vector_43     0x9d01f760        0x8 d:/nu32/bin/bin/../../lib/gcc/pic32mx/4.8.3/../../../../pic32mx/lib\libpic32.a(vector43.o)
                0x9d01f760                __vector_dispatch_43
                0x00000001                ASSERT (((_vector_spacing == 0x0) || (SIZEOF (.vector_43) <= (_vector_spacing << 0x5))), function at exception vector 43 too large)

.vector_44      0x9d01f780        0x0
 *(.vector_44)
                0x00000001                ASSERT (((_vector_spacing == 0x0) || (SIZEOF (.vector_44) <= (_vector_spacing << 0x5))), function at exception vector 44 too large)

.vector_45      0x9d01f7a0        0x0
 *(.vector_45)
                0x00000001                ASSERT (((_vector_spacing == 0x0) || (SIZEOF (.vector_45) <= (_vector_spacing << 0x5))), function at exception vector 45 too large)

.vector_46      0x9d01f7c0        0x0
 *(.vector_46)
                0x00000001                ASSERT (((_vector_spacing == 0x0) || (SIZEOF (.vector_46) <= (_vector_spacing << 0x5))), function at exception vector 46 too large)

.vector_47      0x9d01f7e0        0x0
 *(.vector_47)
                0x00000001                ASSERT (((_vector_spacing == 0x0) || (SIZEOF (.vector_47) <= (_vector_spacing << 0x5))), function at exception vector 47 too large)

.vector_48      0x9d01f800        0x0
 *(.vector_48)
                0x00000001                ASSERT (((_vector_spacing == 0x0) || (SIZEOF (.vector_48) <= (_vector_spacing << 0x5))), function at exception vector 48 too large)

.vector_49      0x9d01f820        0x0
 *(.vector_49)
                0x00000001                ASSERT (((_vector_spacing == 0x0) || (SIZEOF (.vector_49) <= (_vector_spacing << 0x5))), function at exception vector 49 too large)

.vector_50      0x9d01f840        0x0
 *(.vector_50)
                0x00000001                ASSERT (((_vector_spacing == 0x0) || (SIZEOF (.vector_50) <= (_vector_spacing << 0x5))), function at exception vector 50 too large)

.vector_51      0x9d01f860        0x0
 *(.vector_51)
                0x00000001                ASSERT (((_vector_spacing == 0x0) || (SIZEOF (.vector_51) <= (_vector_spacing << 0x5))), function at exception vector 51 too large)

.vector_52      0x9d01f880        0x0
 *(.vector_52)
                0x00000001                ASSERT (((_vector_spacing == 0x0) || (SIZEOF (.vector_52) <= (_vector_spacing << 0x5))), function at exception vector 52 too large)

.vector_53      0x9d01f8a0        0x0
 *(.vector_53)
                0x00000001                ASSERT (((_vector_spacing == 0x0) || (SIZEOF (.vector_53) <= (_vector_spacing << 0x5))), function at exception vector 53 too large)

.vector_54      0x9d01f8c0        0x0
 *(.vector_54)
                0x00000001                ASSERT (((_vector_spacing == 0x0) || (SIZEOF (.vector_54) <= (_vector_spacing << 0x5))), function at exception vector 54 too large)

.vector_55      0x9d01f8e0        0x0
 *(.vector_55)
                0x00000001                ASSERT (((_vector_spacing == 0x0) || (SIZEOF (.vector_55) <= (_vector_spacing << 0x5))), function at exception vector 55 too large)

.vector_56      0x9d01f900        0x0
 *(.vector_56)
                0x00000001                ASSERT (((_vector_spacing == 0x0) || (SIZEOF (.vector_56) <= (_vector_spacing << 0x5))), function at exception vector 56 too large)

.vector_57      0x9d01f920        0x0
 *(.vector_57)
                0x00000001                ASSERT (((_vector_spacing == 0x0) || (SIZEOF (.vector_57) <= (_vector_spacing << 0x5))), function at exception vector 57 too large)

.vector_58      0x9d01f940        0x0
 *(.vector_58)
                0x00000001                ASSERT (((_vector_spacing == 0x0) || (SIZEOF (.vector_58) <= (_vector_spacing << 0x5))), function at exception vector 58 too large)

.vector_59      0x9d01f960        0x0
 *(.vector_59)
                0x00000001                ASSERT (((_vector_spacing == 0x0) || (SIZEOF (.vector_59) <= (_vector_spacing << 0x5))), function at exception vector 59 too large)

.vector_60      0x9d01f980        0x0
 *(.vector_60)
                0x00000001                ASSERT (((_vector_spacing == 0x0) || (SIZEOF (.vector_60) <= (_vector_spacing << 0x5))), function at exception vector 60 too large)

.vector_61      0x9d01f9a0        0x0
 *(.vector_61)
                0x00000001                ASSERT (((_vector_spacing == 0x0) || (SIZEOF (.vector_61) <= (_vector_spacing << 0x5))), function at exception vector 61 too large)

.vector_62      0x9d01f9c0        0x0
 *(.vector_62)
                0x00000001                ASSERT (((_vector_spacing == 0x0) || (SIZEOF (.vector_62) <= (_vector_spacing << 0x5))), function at exception vector 62 too large)

.vector_63      0x9d01f9e0        0x0
 *(.vector_63)
                0x00000001                ASSERT (((_vector_spacing == 0x0) || (SIZEOF (.vector_63) <= (_vector_spacing << 0x5))), function at exception vector 63 too large)

.startup
 *(.startup)

.text           0x9d000000        0x0
 *(.stub .gnu.linkonce.t.*)
 *(.text.*personality*)
 *(.mips16.fn.*)
 *(.mips16.call.*)
 *(.gnu.warning)
                0x9d000000                . = ALIGN (0x4)

.init           0x9d000000        0x0
 *crti.o(.init)
 *crtbegin.o(.init)
 *(EXCLUDE_FILE(*crtn.o *crtend?.o *crtend.o) .init)
 *crtend.o(.init)
 *crtn.o(.init)
                0x9d000000                . = ALIGN (0x4)

.fini           0x9d000000        0x0
 *(.fini)
                0x9d000000                . = ALIGN (0x4)

.preinit_array  0x9d000000        0x0
                0x9d000000                PROVIDE (__preinit_array_start, .)
 *(.preinit_array)
                0x9d000000                PROVIDE (__preinit_array_end, .)
                0x9d000000                . = ALIGN (0x4)

.init_array     0x9d000000        0x0
                0x9d000000                PROVIDE (__init_array_start, .)
 *(SORT(.init_array.*))
 *(.init_array)
                0x9d000000                PROVIDE (__init_array_end, .)
                0x9d000000                . = ALIGN (0x4)

.fini_array     0x9d000000        0x0
                0x9d000000                PROVIDE (__fini_array_start, .)
 *(SORT(.fini_array.*))
 *(.fini_array)
                0x9d000000                PROVIDE (__fini_array_end, .)
                0x9d000000                . = ALIGN (0x4)

.ctors          0x9d000000        0x0
 *crtbegin.o(.ctors)
 *crtbegin?.o(.ctors)
 *(EXCLUDE_FILE(*crtend?.o *crtend.o) .ctors)
 *(SORT(.ctors.*))
 *(.ctors)
                0x9d000000                . = ALIGN (0x4)

.dtors          0x9d000000        0x0
 *crtbegin.o(.dtors)
 *crtbegin?.o(.dtors)
 *(EXCLUDE_FILE(*crtend?.o *crtend.o) .dtors)
 *(SORT(.dtors.*))
 *(.dtors)
                0x9d000000                . = ALIGN (0x4)

.rodata         0x9d000000        0x0
 *(.gnu.linkonce.r.*)
 *(.rodata1)
                0x9d000000                . = ALIGN (0x4)

.sdata2         0x9fc00490        0x0
 *(.sdata2 .sdata2.* .gnu.linkonce.s2.*)
                0x9fc00490                . = ALIGN (0x4)

.sbss2          0x9fc00490        0x0
 *(.sbss2 .sbss2.* .gnu.linkonce.sb2.*)
                0x9fc00490                . = ALIGN (0x4)

.eh_frame_hdr
 *(.eh_frame_hdr)
                0x9fc00490                . = ALIGN (0x4)

.eh_frame
 *(.eh_frame)
                0x9fc00490                . = ALIGN (0x4)

.gcc_except_table
 *(.gcc_except_table .gcc_except_table.*)
                0x9fc00490                . = ALIGN (0x4)

.dbg_data       0xa0000000        0x0
                0xa0000000                . = (. + DEFINED (_DEBUGGER)?0x200:0x0)

.jcr            0xa0000000        0x0
 *(.jcr)
                0xa0000000                . = ALIGN (0x4)

.eh_frame
 *(.eh_frame)
                0xa0000000                . = ALIGN (0x4)

.gcc_except_table
 *(.gcc_except_table .gcc_except_table.*)
                0xa0000000                . = ALIGN (0x4)

.persist        0xa0000000        0x0
                0xa0000000                _persist_begin = .
 *(.persist .persist.*)
 *(.pbss .pbss.*)
                0xa0000000                . = ALIGN (0x4)
                0xa0000000                _persist_end = .

.data           0xa0000000        0x0
 *(.gnu.linkonce.d.*)
 *(.data1)
                0xa0000000                . = ALIGN (0x4)
                0xa0000000                . = .
                0xa0007ff0                _gp = (ALIGN (0x10) + 0x7ff0)

.got            0xa0000000        0x0
 *(.got.plt)
 *(.got)
                0xa0000000                . = ALIGN (0x4)

.sdata          0xa0000000        0x4
                0xa0000000                _sdata_begin = .
 *(.sdata .sdata.* .gnu.linkonce.s.*)
 .sdata         0xa0000000        0x4 d:/nu32/bin/bin/../../lib/gcc/pic32mx/4.8.3/../../../../pic32mx/lib\libpic32.a(xc32_uart.o)
                0xa0000000                __XC_UART
                0xa0000004                . = ALIGN (0x4)
                0xa0000004                _sdata_end = .

.lit8
 *(.lit8)

.lit4
 *(.lit4)
                0xa0000004                . = ALIGN (0x4)
                0xa0000004                _data_end = .
                0xa0000004                _bss_begin = .

.sbss           0xa0000004       0x50
                0xa0000004                _sbss_begin = .
 *(.dynsbss)
 *(.sbss .sbss.* .gnu.linkonce.sb.*)
 .sbss          0xa0000004        0xc build/default/production/_ext/1688732426/system_exceptions.o
 .sbss          0xa0000010       0x24 build/default/production/_ext/1360937237/app.o
                0xa0000010                FIR_NUM
                0xa0000014                FIR
                0xa0000018                MAF_NUM
                0xa000001c                MAF_SUM
                0xa0000020                MAF
                0xa0000024                IIR_new
                0xa0000028                IIR_PREV
                0xa000002c                startTime
                0xa0000030                i
 *(.scommon)
 .scommon       0xa0000034        0x8 build/default/production/_ext/340578644/sys_devcon.o
                0xa0000034                sysDevconObj
 .scommon       0xa000003c        0x8 build/default/production/_ext/1688732426/system_init.o
                0xa000003c                sysObj
 .scommon       0xa0000044        0xc build/default/production/_ext/1360937237/app.o
                0xa0000044                FPS
                0xa0000048                c
                0xa000004c                len
 .scommon       0xa0000050        0x0 build/default/production/_ext/1360937237/ili9341.o
 .scommon       0xa0000050        0x2 build/default/production/_ext/610166344/usb_device_cdc.o
                0xa0000050                gUSBDeviceCdcCommonDataObj
                0xa0000052                _sbss_end = .
                0xa0000054                . = ALIGN (0x4)
 *fill*         0xa0000052        0x2 

.bss            0xa0000200      0x35c
 *(.dynbss)
 *(COMMON)
 COMMON         0xa0000200       0x60 build/default/production/_ext/1688732426/system_init.o
                0xa0000200                endPointTable
 COMMON         0xa0000260      0x188 build/default/production/_ext/1360937237/app.o
                0xa0000260                msg
                0xa00002c4                readBuffer
                0xa0000304                appData
                0xa0000330                FIR_SAMPLE
                0xa0000344                dataOut
                0xa0000384                fps
 COMMON         0xa00003e8       0xc8 build/default/production/_ext/764219029/drv_usbfs.o
                0xa00003e8                gDrvUSBGroup
 COMMON         0xa00004b0       0xac build/default/production/_ext/610166344/usb_device_cdc.o
                0xa00004b0                gUSBDeviceCDCIRP
                0xa000051c                gUSBDeviceCDCInstance
                0xa000055c                . = ALIGN ((. != 0x0)?0x4:0x1)
                0xa000055c                . = ALIGN (0x4)
                0xa000055c                _end = .
                0xa000055c                _bss_end = .
                0x00008000                _bmxdudba_address = 0x8000
                0x00008000                _bmxdupba_address = 0x8000

/DISCARD/
 *(.pdr)
 *(.rel.dyn)
 *(.note.GNU-stack)
 *(.note.GNU-stack)
 *(.gnu_debuglink)
 *(.gnu.lto_*)
 *(.discard)

.gptab.sdata
 *(.gptab.data)
 *(.gptab.sdata)

.gptab.sbss
 *(.gptab.bss)
 *(.gptab.sbss)

.mdebug.abi32   0xa000055c        0x0
 *(.mdebug.abi32)
 .mdebug.abi32  0xa000055c        0x0 build/default/production/_ext/639803181/sys_clk_pic32mx.o
 .mdebug.abi32  0xa000055c        0x0 build/default/production/_ext/340578644/sys_devcon.o
 .mdebug.abi32  0xa000055c        0x0 build/default/production/_ext/340578644/sys_devcon_pic32mx.o
 .mdebug.abi32  0xa000055c        0x0 build/default/production/_ext/822048611/sys_ports_static.o
 .mdebug.abi32  0xa000055c        0x0 build/default/production/_ext/1688732426/system_init.o
 .mdebug.abi32  0xa000055c        0x0 build/default/production/_ext/1688732426/system_interrupt.o
 .mdebug.abi32  0xa000055c        0x0 build/default/production/_ext/1688732426/system_exceptions.o
 .mdebug.abi32  0xa000055c        0x0 build/default/production/_ext/1688732426/system_tasks.o
 .mdebug.abi32  0xa000055c        0x0 build/default/production/_ext/1360937237/app.o
 .mdebug.abi32  0xa000055c        0x0 build/default/production/_ext/1360937237/main.o
 .mdebug.abi32  0xa000055c        0x0 build/default/production/_ext/1360937237/imu.o
 .mdebug.abi32  0xa000055c        0x0 build/default/production/_ext/1360937237/i2c_master.o
 .mdebug.abi32  0xa000055c        0x0 build/default/production/_ext/1360937237/ili9341.o
 .mdebug.abi32  0xa000055c        0x0 build/default/production/_ext/764219029/drv_usbfs.o
 .mdebug.abi32  0xa000055c        0x0 build/default/production/_ext/764219029/drv_usbfs_device.o
 .mdebug.abi32  0xa000055c        0x0 build/default/production/_ext/122796885/sys_int_pic32.o
 .mdebug.abi32  0xa000055c        0x0 build/default/production/_ext/610166344/usb_device.o
 .mdebug.abi32  0xa000055c        0x0 build/default/production/_ext/610166344/usb_device_cdc.o
 .mdebug.abi32  0xa000055c        0x0 build/default/production/_ext/610166344/usb_device_cdc_acm.o
 .mdebug.abi32  0xa000055c        0x0 d:/nu32/bin/bin/../../lib/gcc/pic32mx/4.8.3/../../../../pic32mx/lib\libpic32.a(default-bootstrap-exception-handler.o)
 .mdebug.abi32  0xa000055c        0x0 d:/nu32/bin/bin/../../lib/gcc/pic32mx/4.8.3/../../../../pic32mx/lib\libpic32.a(default-on-reset.o)
 .mdebug.abi32  0xa000055c        0x0 d:/nu32/bin/bin/../../lib/gcc/pic32mx/4.8.3/../../../../pic32mx/lib\libpic32.a(default-on-bootstrap.o)
 .mdebug.abi32  0xa000055c        0x0 d:/nu32/bin/bin/../../lib/gcc/pic32mx/4.8.3/../../../../pic32mx/lib\libpic32.a(defaultinterrupt.o)
 .mdebug.abi32  0xa000055c        0x0 d:/nu32/bin/bin/../../lib/gcc/pic32mx/4.8.3/../../../../pic32mx/lib\libc.a(sprintf_cdfFnopuxX.eo)
 .mdebug.abi32  0xa000055c        0x0 d:/nu32/bin/bin/../../lib/gcc/pic32mx/4.8.3/../../../../pic32mx/lib\libc.a(doprnt_cdfFnopuxX.eo)
 .mdebug.abi32  0xa000055c        0x0 d:/nu32/bin/bin/../../lib/gcc/pic32mx/4.8.3/../../../../pic32mx/lib\libc.a(_fputc_simple.o)
 .mdebug.abi32  0xa000055c        0x0 d:/nu32/bin/bin/../../lib/gcc/pic32mx/4.8.3/../../../../pic32mx/lib\libc.a(ctype.o)
 .mdebug.abi32  0xa000055c        0x0 d:/nu32/bin/bin/../../lib/gcc/pic32mx/4.8.3/../../../../pic32mx/lib\libc.a(ldpowers.o)
 .mdebug.abi32  0xa000055c        0x0 d:/nu32/bin/bin/../../lib/gcc/pic32mx/4.8.3/../../../../pic32mx/lib\libc.a(_iob.o)
 .mdebug.abi32  0xa000055c        0x0 d:/nu32/bin/bin/../../lib/gcc/pic32mx/4.8.3/../../../../pic32mx/lib\libc.a(_flsbuf_simple.o)
 .mdebug.abi32  0xa000055c        0x0 d:/nu32/bin/bin/../../lib/gcc/pic32mx/4.8.3/../../../../pic32mx/lib\libe.a(_fixunsdfdi.o)
 .mdebug.abi32  0xa000055c        0x0 d:/nu32/bin/bin/../../lib/gcc/pic32mx/4.8.3/../../../../pic32mx/lib\libe.a(_orderdf2.o)
 .mdebug.abi32  0xa000055c        0x0 d:/nu32/bin/bin/../../lib/gcc/pic32mx/4.8.3/../../../../pic32mx/lib\libe.a(_fixdfdi.o)
 .mdebug.abi32  0xa000055c        0x0 d:/nu32/bin/bin/../../lib/gcc/pic32mx/4.8.3\libgcc.a(_floatundidf.o)
 .mdebug.abi32  0xa000055c        0x0 d:/nu32/bin/bin/../../lib/gcc/pic32mx/4.8.3\libgcc.a(_udivdi3.o)
 .mdebug.abi32  0xa000055c        0x0 d:/nu32/bin/bin/../../lib/gcc/pic32mx/4.8.3\libgcc.a(_umoddi3.o)
 .mdebug.abi32  0xa000055c        0x0 d:/nu32/bin/bin/../../lib/gcc/pic32mx/4.8.3\libgcc.a(floatunsidf.o)
 .mdebug.abi32  0xa000055c        0x0 d:/nu32/bin/bin/../../lib/gcc/pic32mx/4.8.3/../../../../pic32mx/lib\libpic32.a(write.o)
 .mdebug.abi32  0xa000055c        0x0 d:/nu32/bin/bin/../../lib/gcc/pic32mx/4.8.3/../../../../pic32mx/lib\libpic32.a(_mon_putc.o)
 .mdebug.abi32  0xa000055c        0x0 d:/nu32/bin/bin/../../lib/gcc/pic32mx/4.8.3/../../../../pic32mx/lib\libpic32.a(xc32_uart.o)

.mdebug.abiN32
 *(.mdebug.abiN32)

.mdebug.abi64
 *(.mdebug.abi64)

.mdebug.abiO64
 *(.mdebug.abiO64)

.mdebug.eabi32
 *(.mdebug.eabi32)

.mdebug.eabi64
 *(.mdebug.eabi64)

.gcc_compiled_long32
 *(.gcc_compiled_long32)

.gcc_compiled_long64
 *(.gcc_compiled_long64)

.stab
 *(.stab)

.stabstr
 *(.stabstr)

.stab.excl
 *(.stab.excl)

.stab.exclstr
 *(.stab.exclstr)

.stab.index
 *(.stab.index)

.stab.indexstr
 *(.stab.indexstr)

.comment        0x00000000      0x1c9
 *(.comment)
 .comment       0x00000000       0x3c build/default/production/_ext/639803181/sys_clk_pic32mx.o
                                 0x3d (size before relaxing)
 .comment       0x00000000       0x3d build/default/production/_ext/340578644/sys_devcon.o
 .comment       0x00000000       0x3d build/default/production/_ext/340578644/sys_devcon_pic32mx.o
 .comment       0x00000000       0x3d build/default/production/_ext/822048611/sys_ports_static.o
 .comment       0x00000000       0x3d build/default/production/_ext/1688732426/system_init.o
 .comment       0x00000000       0x3d build/default/production/_ext/1688732426/system_interrupt.o
 .comment       0x00000000       0x3d build/default/production/_ext/1688732426/system_exceptions.o
 .comment       0x00000000       0x3d build/default/production/_ext/1688732426/system_tasks.o
 .comment       0x00000000       0x3d build/default/production/_ext/1360937237/app.o
 .comment       0x00000000       0x3d build/default/production/_ext/1360937237/main.o
 .comment       0x00000000       0x3d build/default/production/_ext/1360937237/imu.o
 .comment       0x00000000       0x3d build/default/production/_ext/1360937237/i2c_master.o
 .comment       0x00000000       0x3d build/default/production/_ext/1360937237/ili9341.o
 .comment       0x00000000       0x3d build/default/production/_ext/764219029/drv_usbfs.o
 .comment       0x00000000       0x3d build/default/production/_ext/764219029/drv_usbfs_device.o
 .comment       0x00000000       0x3d build/default/production/_ext/122796885/sys_int_pic32.o
 .comment       0x00000000       0x3d build/default/production/_ext/610166344/usb_device.o
 .comment       0x00000000       0x3d build/default/production/_ext/610166344/usb_device_cdc.o
 .comment       0x00000000       0x3d build/default/production/_ext/610166344/usb_device_cdc_acm.o
 .comment       0x00000000       0x3d d:/nu32/bin/bin/../../lib/gcc/pic32mx/4.8.3/../../../../pic32mx/lib\libpic32.a(default-bootstrap-exception-handler.o)
 .comment       0x00000000       0x3d d:/nu32/bin/bin/../../lib/gcc/pic32mx/4.8.3/../../../../pic32mx/lib\libpic32.a(default-on-reset.o)
 .comment       0x00000000       0x3d d:/nu32/bin/bin/../../lib/gcc/pic32mx/4.8.3/../../../../pic32mx/lib\libpic32.a(default-on-bootstrap.o)
 .comment       0x00000000       0x3d d:/nu32/bin/bin/../../lib/gcc/pic32mx/4.8.3/../../../../pic32mx/lib\libpic32.a(defaultinterrupt.o)
 .comment       0x00000000       0x3d d:/nu32/bin/bin/../../lib/gcc/pic32mx/4.8.3/../../../../pic32mx/lib\libc.a(sprintf_cdfFnopuxX.eo)
 .comment       0x00000000       0x3d d:/nu32/bin/bin/../../lib/gcc/pic32mx/4.8.3/../../../../pic32mx/lib\libc.a(doprnt_cdfFnopuxX.eo)
 .comment       0x00000000       0x3d d:/nu32/bin/bin/../../lib/gcc/pic32mx/4.8.3/../../../../pic32mx/lib\libc.a(_fputc_simple.o)
 .comment       0x0000003c       0x4e d:/nu32/bin/bin/../../lib/gcc/pic32mx/4.8.3/../../../../pic32mx/lib\libc.a(ctype.o)
                                 0x8b (size before relaxing)
 .comment       0x00000000       0x3d d:/nu32/bin/bin/../../lib/gcc/pic32mx/4.8.3/../../../../pic32mx/lib\libc.a(ldpowers.o)
 .comment       0x00000000       0x3d d:/nu32/bin/bin/../../lib/gcc/pic32mx/4.8.3/../../../../pic32mx/lib\libc.a(_iob.o)
 .comment       0x00000000       0x3d d:/nu32/bin/bin/../../lib/gcc/pic32mx/4.8.3/../../../../pic32mx/lib\libc.a(_flsbuf_simple.o)
 .comment       0x0000008a       0x9f d:/nu32/bin/bin/../../lib/gcc/pic32mx/4.8.3/../../../../pic32mx/lib\libe.a(_fixunsdfdi.o)
                                 0xdc (size before relaxing)
 .comment       0x00000129       0x50 d:/nu32/bin/bin/../../lib/gcc/pic32mx/4.8.3/../../../../pic32mx/lib\libe.a(_orderdf2.o)
                                 0xdb (size before relaxing)
 .comment       0x00000179       0x50 d:/nu32/bin/bin/../../lib/gcc/pic32mx/4.8.3/../../../../pic32mx/lib\libe.a(_fixdfdi.o)
                                 0xdb (size before relaxing)
 .comment       0x00000000       0x3d d:/nu32/bin/bin/../../lib/gcc/pic32mx/4.8.3\libgcc.a(_floatundidf.o)
 .comment       0x00000000       0x3d d:/nu32/bin/bin/../../lib/gcc/pic32mx/4.8.3\libgcc.a(_udivdi3.o)
 .comment       0x00000000       0x3d d:/nu32/bin/bin/../../lib/gcc/pic32mx/4.8.3\libgcc.a(_umoddi3.o)
 .comment       0x00000000       0x3d d:/nu32/bin/bin/../../lib/gcc/pic32mx/4.8.3\libgcc.a(floatunsidf.o)
 .comment       0x00000000       0x3d d:/nu32/bin/bin/../../lib/gcc/pic32mx/4.8.3/../../../../pic32mx/lib\libpic32.a(write.o)
 .comment       0x00000000       0x3d d:/nu32/bin/bin/../../lib/gcc/pic32mx/4.8.3/../../../../pic32mx/lib\libpic32.a(_mon_putc.o)
 .comment       0x00000000       0x3d d:/nu32/bin/bin/../../lib/gcc/pic32mx/4.8.3/../../../../pic32mx/lib\libpic32.a(xc32_uart.o)

.debug
 *(.debug)

.line
 *(.line)

.debug_srcinfo
 *(.debug_srcinfo)

.debug_sfnames
 *(.debug_sfnames)

.debug_aranges  0x00000000      0xa28
 *(.debug_aranges)
 .debug_aranges
                0x00000000       0x50 build/default/production/_ext/639803181/sys_clk_pic32mx.o
 .debug_aranges
                0x00000050       0x78 build/default/production/_ext/340578644/sys_devcon.o
 .debug_aranges
                0x000000c8       0x20 build/default/production/_ext/340578644/sys_devcon_pic32mx.o
 .debug_aranges
                0x000000e8      0x148 build/default/production/_ext/822048611/sys_ports_static.o
 .debug_aranges
                0x00000230       0x20 build/default/production/_ext/1688732426/system_init.o
 .debug_aranges
                0x00000250       0x20 build/default/production/_ext/1688732426/system_interrupt.o
 .debug_aranges
                0x00000270       0x20 build/default/production/_ext/1688732426/system_exceptions.o
 .debug_aranges
                0x00000290       0x20 build/default/production/_ext/1688732426/system_tasks.o
 .debug_aranges
                0x000002b0       0x40 build/default/production/_ext/1360937237/app.o
 .debug_aranges
                0x000002f0       0x20 build/default/production/_ext/1360937237/main.o
 .debug_aranges
                0x00000310       0x60 build/default/production/_ext/1360937237/imu.o
 .debug_aranges
                0x00000370       0x50 build/default/production/_ext/1360937237/i2c_master.o
 .debug_aranges
                0x000003c0       0x90 build/default/production/_ext/1360937237/ili9341.o
 .debug_aranges
                0x00000450       0x60 build/default/production/_ext/764219029/drv_usbfs.o
 .debug_aranges
                0x000004b0       0xc0 build/default/production/_ext/764219029/drv_usbfs_device.o
 .debug_aranges
                0x00000570       0x48 build/default/production/_ext/122796885/sys_int_pic32.o
 .debug_aranges
                0x000005b8      0x1a0 build/default/production/_ext/610166344/usb_device.o
 .debug_aranges
                0x00000758       0x88 build/default/production/_ext/610166344/usb_device_cdc.o
 .debug_aranges
                0x000007e0       0x20 build/default/production/_ext/610166344/usb_device_cdc_acm.o
 .debug_aranges
                0x00000800       0x20 d:/nu32/bin/bin/../../lib/gcc/pic32mx/4.8.3/../../../../pic32mx/lib\libpic32.a(default-bootstrap-exception-handler.o)
 .debug_aranges
                0x00000820       0x20 d:/nu32/bin/bin/../../lib/gcc/pic32mx/4.8.3/../../../../pic32mx/lib\libpic32.a(default-on-reset.o)
 .debug_aranges
                0x00000840       0x20 d:/nu32/bin/bin/../../lib/gcc/pic32mx/4.8.3/../../../../pic32mx/lib\libpic32.a(default-on-bootstrap.o)
 .debug_aranges
                0x00000860       0x20 d:/nu32/bin/bin/../../lib/gcc/pic32mx/4.8.3/../../../../pic32mx/lib\libpic32.a(defaultinterrupt.o)
 .debug_aranges
                0x00000880       0x20 d:/nu32/bin/bin/../../lib/gcc/pic32mx/4.8.3/../../../../pic32mx/lib\libc.a(sprintf_cdfFnopuxX.eo)
 .debug_aranges
                0x000008a0       0x28 d:/nu32/bin/bin/../../lib/gcc/pic32mx/4.8.3/../../../../pic32mx/lib\libc.a(doprnt_cdfFnopuxX.eo)
 .debug_aranges
                0x000008c8       0x20 d:/nu32/bin/bin/../../lib/gcc/pic32mx/4.8.3/../../../../pic32mx/lib\libc.a(_fputc_simple.o)
 .debug_aranges
                0x000008e8       0x20 d:/nu32/bin/bin/../../lib/gcc/pic32mx/4.8.3/../../../../pic32mx/lib\libc.a(_flsbuf_simple.o)
 .debug_aranges
                0x00000908       0x20 d:/nu32/bin/bin/../../lib/gcc/pic32mx/4.8.3/../../../../pic32mx/lib\libe.a(_fixunsdfdi.o)
 .debug_aranges
                0x00000928       0x20 d:/nu32/bin/bin/../../lib/gcc/pic32mx/4.8.3/../../../../pic32mx/lib\libe.a(_orderdf2.o)
 .debug_aranges
                0x00000948       0x20 d:/nu32/bin/bin/../../lib/gcc/pic32mx/4.8.3/../../../../pic32mx/lib\libe.a(_fixdfdi.o)
 .debug_aranges
                0x00000968       0x20 d:/nu32/bin/bin/../../lib/gcc/pic32mx/4.8.3\libgcc.a(_floatundidf.o)
 .debug_aranges
                0x00000988       0x20 d:/nu32/bin/bin/../../lib/gcc/pic32mx/4.8.3\libgcc.a(_udivdi3.o)
 .debug_aranges
                0x000009a8       0x20 d:/nu32/bin/bin/../../lib/gcc/pic32mx/4.8.3\libgcc.a(_umoddi3.o)
 .debug_aranges
                0x000009c8       0x20 d:/nu32/bin/bin/../../lib/gcc/pic32mx/4.8.3\libgcc.a(floatunsidf.o)
 .debug_aranges
                0x000009e8       0x20 d:/nu32/bin/bin/../../lib/gcc/pic32mx/4.8.3/../../../../pic32mx/lib\libpic32.a(write.o)
 .debug_aranges
                0x00000a08       0x20 d:/nu32/bin/bin/../../lib/gcc/pic32mx/4.8.3/../../../../pic32mx/lib\libpic32.a(_mon_putc.o)

.debug_pubnames
 *(.debug_pubnames)

.debug_info     0x00000000    0x2e7c0
 *(.debug_info .gnu.linkonce.wi.*)
 .debug_info    0x00000000     0x1876 build/default/production/_ext/639803181/sys_clk_pic32mx.o
 .debug_info    0x00001876     0x162c build/default/production/_ext/340578644/sys_devcon.o
 .debug_info    0x00002ea2     0x104e build/default/production/_ext/340578644/sys_devcon_pic32mx.o
 .debug_info    0x00003ef0     0x3786 build/default/production/_ext/822048611/sys_ports_static.o
 .debug_info    0x00007676     0x4bd7 build/default/production/_ext/1688732426/system_init.o
 .debug_info    0x0000c24d      0xbed build/default/production/_ext/1688732426/system_interrupt.o
 .debug_info    0x0000ce3a     0x11c3 build/default/production/_ext/1688732426/system_exceptions.o
 .debug_info    0x0000dffd      0xc1f build/default/production/_ext/1688732426/system_tasks.o
 .debug_info    0x0000ec1c     0x298e build/default/production/_ext/1360937237/app.o
 .debug_info    0x000115aa      0x187 build/default/production/_ext/1360937237/main.o
 .debug_info    0x00011731      0x842 build/default/production/_ext/1360937237/imu.o
 .debug_info    0x00011f73      0x5ef build/default/production/_ext/1360937237/i2c_master.o
 .debug_info    0x00012562     0x1f1d build/default/production/_ext/1360937237/ili9341.o
 .debug_info    0x0001447f     0x4960 build/default/production/_ext/764219029/drv_usbfs.o
 .debug_info    0x00018ddf     0x7f60 build/default/production/_ext/764219029/drv_usbfs_device.o
 .debug_info    0x00020d3f     0x10eb build/default/production/_ext/122796885/sys_int_pic32.o
 .debug_info    0x00021e2a     0x5c39 build/default/production/_ext/610166344/usb_device.o
 .debug_info    0x00027a63     0x3bd3 build/default/production/_ext/610166344/usb_device_cdc.o
 .debug_info    0x0002b636     0x13e1 build/default/production/_ext/610166344/usb_device_cdc_acm.o
 .debug_info    0x0002ca17       0xf9 d:/nu32/bin/bin/../../lib/gcc/pic32mx/4.8.3/../../../../pic32mx/lib\libpic32.a(default-bootstrap-exception-handler.o)
 .debug_info    0x0002cb10       0xd2 d:/nu32/bin/bin/../../lib/gcc/pic32mx/4.8.3/../../../../pic32mx/lib\libpic32.a(default-on-reset.o)
 .debug_info    0x0002cbe2       0xda d:/nu32/bin/bin/../../lib/gcc/pic32mx/4.8.3/../../../../pic32mx/lib\libpic32.a(default-on-bootstrap.o)
 .debug_info    0x0002ccbc       0xec d:/nu32/bin/bin/../../lib/gcc/pic32mx/4.8.3/../../../../pic32mx/lib\libpic32.a(defaultinterrupt.o)
 .debug_info    0x0002cda8       0xd8 d:/nu32/bin/bin/../../lib/gcc/pic32mx/4.8.3/../../../../pic32mx/lib\libc.a(sprintf_cdfFnopuxX.eo)
 .debug_info    0x0002ce80      0x100 d:/nu32/bin/bin/../../lib/gcc/pic32mx/4.8.3/../../../../pic32mx/lib\libc.a(doprnt_cdfFnopuxX.eo)
 .debug_info    0x0002cf80       0xc8 d:/nu32/bin/bin/../../lib/gcc/pic32mx/4.8.3/../../../../pic32mx/lib\libc.a(_fputc_simple.o)
 .debug_info    0x0002d048       0xcb d:/nu32/bin/bin/../../lib/gcc/pic32mx/4.8.3/../../../../pic32mx/lib\libc.a(_flsbuf_simple.o)
 .debug_info    0x0002d113       0xd3 d:/nu32/bin/bin/../../lib/gcc/pic32mx/4.8.3/../../../../pic32mx/lib\libe.a(_fixunsdfdi.o)
 .debug_info    0x0002d1e6       0xbf d:/nu32/bin/bin/../../lib/gcc/pic32mx/4.8.3/../../../../pic32mx/lib\libe.a(_orderdf2.o)
 .debug_info    0x0002d2a5       0xbe d:/nu32/bin/bin/../../lib/gcc/pic32mx/4.8.3/../../../../pic32mx/lib\libe.a(_fixdfdi.o)
 .debug_info    0x0002d363      0x26a d:/nu32/bin/bin/../../lib/gcc/pic32mx/4.8.3\libgcc.a(_floatundidf.o)
 .debug_info    0x0002d5cd      0x770 d:/nu32/bin/bin/../../lib/gcc/pic32mx/4.8.3\libgcc.a(_udivdi3.o)
 .debug_info    0x0002dd3d      0x7ad d:/nu32/bin/bin/../../lib/gcc/pic32mx/4.8.3\libgcc.a(_umoddi3.o)
 .debug_info    0x0002e4ea      0x146 d:/nu32/bin/bin/../../lib/gcc/pic32mx/4.8.3\libgcc.a(floatunsidf.o)
 .debug_info    0x0002e630       0xc4 d:/nu32/bin/bin/../../lib/gcc/pic32mx/4.8.3/../../../../pic32mx/lib\libpic32.a(write.o)
 .debug_info    0x0002e6f4       0xcc d:/nu32/bin/bin/../../lib/gcc/pic32mx/4.8.3/../../../../pic32mx/lib\libpic32.a(_mon_putc.o)

.debug_abbrev   0x00000000     0x3327
 *(.debug_abbrev)
 .debug_abbrev  0x00000000      0x26b build/default/production/_ext/639803181/sys_clk_pic32mx.o
 .debug_abbrev  0x0000026b      0x2a0 build/default/production/_ext/340578644/sys_devcon.o
 .debug_abbrev  0x0000050b      0x204 build/default/production/_ext/340578644/sys_devcon_pic32mx.o
 .debug_abbrev  0x0000070f      0x29e build/default/production/_ext/822048611/sys_ports_static.o
 .debug_abbrev  0x000009ad      0x346 build/default/production/_ext/1688732426/system_init.o
 .debug_abbrev  0x00000cf3      0x107 build/default/production/_ext/1688732426/system_interrupt.o
 .debug_abbrev  0x00000dfa      0x109 build/default/production/_ext/1688732426/system_exceptions.o
 .debug_abbrev  0x00000f03      0x11a build/default/production/_ext/1688732426/system_tasks.o
 .debug_abbrev  0x0000101d      0x2f4 build/default/production/_ext/1360937237/app.o
 .debug_abbrev  0x00001311       0x93 build/default/production/_ext/1360937237/main.o
 .debug_abbrev  0x000013a4      0x177 build/default/production/_ext/1360937237/imu.o
 .debug_abbrev  0x0000151b      0x107 build/default/production/_ext/1360937237/i2c_master.o
 .debug_abbrev  0x00001622      0x276 build/default/production/_ext/1360937237/ili9341.o
 .debug_abbrev  0x00001898      0x42b build/default/production/_ext/764219029/drv_usbfs.o
 .debug_abbrev  0x00001cc3      0x4bc build/default/production/_ext/764219029/drv_usbfs_device.o
 .debug_abbrev  0x0000217f      0x237 build/default/production/_ext/122796885/sys_int_pic32.o
 .debug_abbrev  0x000023b6      0x42f build/default/production/_ext/610166344/usb_device.o
 .debug_abbrev  0x000027e5      0x40b build/default/production/_ext/610166344/usb_device_cdc.o
 .debug_abbrev  0x00002bf0      0x1be build/default/production/_ext/610166344/usb_device_cdc_acm.o
 .debug_abbrev  0x00002dae       0x28 d:/nu32/bin/bin/../../lib/gcc/pic32mx/4.8.3/../../../../pic32mx/lib\libpic32.a(default-bootstrap-exception-handler.o)
 .debug_abbrev  0x00002dd6       0x28 d:/nu32/bin/bin/../../lib/gcc/pic32mx/4.8.3/../../../../pic32mx/lib\libpic32.a(default-on-reset.o)
 .debug_abbrev  0x00002dfe       0x28 d:/nu32/bin/bin/../../lib/gcc/pic32mx/4.8.3/../../../../pic32mx/lib\libpic32.a(default-on-bootstrap.o)
 .debug_abbrev  0x00002e26       0x28 d:/nu32/bin/bin/../../lib/gcc/pic32mx/4.8.3/../../../../pic32mx/lib\libpic32.a(defaultinterrupt.o)
 .debug_abbrev  0x00002e4e       0x28 d:/nu32/bin/bin/../../lib/gcc/pic32mx/4.8.3/../../../../pic32mx/lib\libc.a(sprintf_cdfFnopuxX.eo)
 .debug_abbrev  0x00002e76       0x45 d:/nu32/bin/bin/../../lib/gcc/pic32mx/4.8.3/../../../../pic32mx/lib\libc.a(doprnt_cdfFnopuxX.eo)
 .debug_abbrev  0x00002ebb       0x28 d:/nu32/bin/bin/../../lib/gcc/pic32mx/4.8.3/../../../../pic32mx/lib\libc.a(_fputc_simple.o)
 .debug_abbrev  0x00002ee3       0x28 d:/nu32/bin/bin/../../lib/gcc/pic32mx/4.8.3/../../../../pic32mx/lib\libc.a(_flsbuf_simple.o)
 .debug_abbrev  0x00002f0b       0x37 d:/nu32/bin/bin/../../lib/gcc/pic32mx/4.8.3/../../../../pic32mx/lib\libe.a(_fixunsdfdi.o)
 .debug_abbrev  0x00002f42       0x28 d:/nu32/bin/bin/../../lib/gcc/pic32mx/4.8.3/../../../../pic32mx/lib\libe.a(_orderdf2.o)
 .debug_abbrev  0x00002f6a       0x28 d:/nu32/bin/bin/../../lib/gcc/pic32mx/4.8.3/../../../../pic32mx/lib\libe.a(_fixdfdi.o)
 .debug_abbrev  0x00002f92       0x64 d:/nu32/bin/bin/../../lib/gcc/pic32mx/4.8.3\libgcc.a(_floatundidf.o)
 .debug_abbrev  0x00002ff6      0x138 d:/nu32/bin/bin/../../lib/gcc/pic32mx/4.8.3\libgcc.a(_udivdi3.o)
 .debug_abbrev  0x0000312e      0x147 d:/nu32/bin/bin/../../lib/gcc/pic32mx/4.8.3\libgcc.a(_umoddi3.o)
 .debug_abbrev  0x00003275       0x62 d:/nu32/bin/bin/../../lib/gcc/pic32mx/4.8.3\libgcc.a(floatunsidf.o)
 .debug_abbrev  0x000032d7       0x28 d:/nu32/bin/bin/../../lib/gcc/pic32mx/4.8.3/../../../../pic32mx/lib\libpic32.a(write.o)
 .debug_abbrev  0x000032ff       0x28 d:/nu32/bin/bin/../../lib/gcc/pic32mx/4.8.3/../../../../pic32mx/lib\libpic32.a(_mon_putc.o)

.debug_line     0x00000000     0x5287
 *(.debug_line)
 .debug_line    0x00000000      0x387 build/default/production/_ext/639803181/sys_clk_pic32mx.o
 .debug_line    0x00000387      0x4d1 build/default/production/_ext/340578644/sys_devcon.o
 .debug_line    0x00000858      0x2a0 build/default/production/_ext/340578644/sys_devcon_pic32mx.o
 .debug_line    0x00000af8      0x6e4 build/default/production/_ext/822048611/sys_ports_static.o
 .debug_line    0x000011dc      0x47f build/default/production/_ext/1688732426/system_init.o
 .debug_line    0x0000165b      0x159 build/default/production/_ext/1688732426/system_interrupt.o
 .debug_line    0x000017b4      0x12b build/default/production/_ext/1688732426/system_exceptions.o
 .debug_line    0x000018df      0x1a1 build/default/production/_ext/1688732426/system_tasks.o
 .debug_line    0x00001a80      0x2ae build/default/production/_ext/1360937237/app.o
 .debug_line    0x00001d2e       0x88 build/default/production/_ext/1360937237/main.o
 .debug_line    0x00001db6      0x178 build/default/production/_ext/1360937237/imu.o
 .debug_line    0x00001f2e      0x132 build/default/production/_ext/1360937237/i2c_master.o
 .debug_line    0x00002060      0x373 build/default/production/_ext/1360937237/ili9341.o
 .debug_line    0x000023d3      0x5c9 build/default/production/_ext/764219029/drv_usbfs.o
 .debug_line    0x0000299c      0xc35 build/default/production/_ext/764219029/drv_usbfs_device.o
 .debug_line    0x000035d1      0x23d build/default/production/_ext/122796885/sys_int_pic32.o
 .debug_line    0x0000380e      0x8d7 build/default/production/_ext/610166344/usb_device.o
 .debug_line    0x000040e5      0x54d build/default/production/_ext/610166344/usb_device_cdc.o
 .debug_line    0x00004632      0x1ab build/default/production/_ext/610166344/usb_device_cdc_acm.o
 .debug_line    0x000047dd       0xab d:/nu32/bin/bin/../../lib/gcc/pic32mx/4.8.3/../../../../pic32mx/lib\libpic32.a(default-bootstrap-exception-handler.o)
 .debug_line    0x00004888       0x98 d:/nu32/bin/bin/../../lib/gcc/pic32mx/4.8.3/../../../../pic32mx/lib\libpic32.a(default-on-reset.o)
 .debug_line    0x00004920       0x9c d:/nu32/bin/bin/../../lib/gcc/pic32mx/4.8.3/../../../../pic32mx/lib\libpic32.a(default-on-bootstrap.o)
 .debug_line    0x000049bc       0xaa d:/nu32/bin/bin/../../lib/gcc/pic32mx/4.8.3/../../../../pic32mx/lib\libpic32.a(defaultinterrupt.o)
 .debug_line    0x00004a66       0x85 d:/nu32/bin/bin/../../lib/gcc/pic32mx/4.8.3/../../../../pic32mx/lib\libc.a(sprintf_cdfFnopuxX.eo)
 .debug_line    0x00004aeb       0x84 d:/nu32/bin/bin/../../lib/gcc/pic32mx/4.8.3/../../../../pic32mx/lib\libc.a(doprnt_cdfFnopuxX.eo)
 .debug_line    0x00004b6f       0x83 d:/nu32/bin/bin/../../lib/gcc/pic32mx/4.8.3/../../../../pic32mx/lib\libc.a(_fputc_simple.o)
 .debug_line    0x00004bf2        0x0 d:/nu32/bin/bin/../../lib/gcc/pic32mx/4.8.3/../../../../pic32mx/lib\libc.a(ctype.o)
 .debug_line    0x00004bf2        0x0 d:/nu32/bin/bin/../../lib/gcc/pic32mx/4.8.3/../../../../pic32mx/lib\libc.a(ldpowers.o)
 .debug_line    0x00004bf2        0x0 d:/nu32/bin/bin/../../lib/gcc/pic32mx/4.8.3/../../../../pic32mx/lib\libc.a(_iob.o)
 .debug_line    0x00004bf2       0x84 d:/nu32/bin/bin/../../lib/gcc/pic32mx/4.8.3/../../../../pic32mx/lib\libc.a(_flsbuf_simple.o)
 .debug_line    0x00004c76       0x87 d:/nu32/bin/bin/../../lib/gcc/pic32mx/4.8.3/../../../../pic32mx/lib\libe.a(_fixunsdfdi.o)
 .debug_line    0x00004cfd       0x86 d:/nu32/bin/bin/../../lib/gcc/pic32mx/4.8.3/../../../../pic32mx/lib\libe.a(_orderdf2.o)
 .debug_line    0x00004d83       0x86 d:/nu32/bin/bin/../../lib/gcc/pic32mx/4.8.3/../../../../pic32mx/lib\libe.a(_fixdfdi.o)
 .debug_line    0x00004e09       0xaf d:/nu32/bin/bin/../../lib/gcc/pic32mx/4.8.3\libgcc.a(_floatundidf.o)
 .debug_line    0x00004eb8      0x101 d:/nu32/bin/bin/../../lib/gcc/pic32mx/4.8.3\libgcc.a(_udivdi3.o)
 .debug_line    0x00004fb9      0x113 d:/nu32/bin/bin/../../lib/gcc/pic32mx/4.8.3\libgcc.a(_umoddi3.o)
 .debug_line    0x000050cc       0x9d d:/nu32/bin/bin/../../lib/gcc/pic32mx/4.8.3\libgcc.a(floatunsidf.o)
 .debug_line    0x00005169       0x8d d:/nu32/bin/bin/../../lib/gcc/pic32mx/4.8.3/../../../../pic32mx/lib\libpic32.a(write.o)
 .debug_line    0x000051f6       0x91 d:/nu32/bin/bin/../../lib/gcc/pic32mx/4.8.3/../../../../pic32mx/lib\libpic32.a(_mon_putc.o)
 .debug_line    0x00005287        0x0 d:/nu32/bin/bin/../../lib/gcc/pic32mx/4.8.3/../../../../pic32mx/lib\libpic32.a(xc32_uart.o)

.debug_frame    0x00000000     0x1568
 *(.debug_frame)
 .debug_frame   0x00000000       0xa0 build/default/production/_ext/639803181/sys_clk_pic32mx.o
 .debug_frame   0x000000a0       0xe8 build/default/production/_ext/340578644/sys_devcon.o
 .debug_frame   0x00000188       0x28 build/default/production/_ext/340578644/sys_devcon_pic32mx.o
 .debug_frame   0x000001b0      0x270 build/default/production/_ext/822048611/sys_ports_static.o
 .debug_frame   0x00000420       0x28 build/default/production/_ext/1688732426/system_init.o
 .debug_frame   0x00000448       0x64 build/default/production/_ext/1688732426/system_interrupt.o
 .debug_frame   0x000004ac       0x28 build/default/production/_ext/1688732426/system_exceptions.o
 .debug_frame   0x000004d4       0x28 build/default/production/_ext/1688732426/system_tasks.o
 .debug_frame   0x000004fc       0x90 build/default/production/_ext/1360937237/app.o
 .debug_frame   0x0000058c       0x28 build/default/production/_ext/1360937237/main.o
 .debug_frame   0x000005b4       0xf0 build/default/production/_ext/1360937237/imu.o
 .debug_frame   0x000006a4       0x80 build/default/production/_ext/1360937237/i2c_master.o
 .debug_frame   0x00000724      0x1d4 build/default/production/_ext/1360937237/ili9341.o
 .debug_frame   0x000008f8       0xc8 build/default/production/_ext/764219029/drv_usbfs.o
 .debug_frame   0x000009c0      0x1e0 build/default/production/_ext/764219029/drv_usbfs_device.o
 .debug_frame   0x00000ba0       0x90 build/default/production/_ext/122796885/sys_int_pic32.o
 .debug_frame   0x00000c30      0x4d8 build/default/production/_ext/610166344/usb_device.o
 .debug_frame   0x00001108      0x17c build/default/production/_ext/610166344/usb_device_cdc.o
 .debug_frame   0x00001284       0x28 build/default/production/_ext/610166344/usb_device_cdc_acm.o
 .debug_frame   0x000012ac       0x2c d:/nu32/bin/bin/../../lib/gcc/pic32mx/4.8.3/../../../../pic32mx/lib\libpic32.a(default-bootstrap-exception-handler.o)
 .debug_frame   0x000012d8       0x20 d:/nu32/bin/bin/../../lib/gcc/pic32mx/4.8.3/../../../../pic32mx/lib\libpic32.a(default-on-reset.o)
 .debug_frame   0x000012f8       0x20 d:/nu32/bin/bin/../../lib/gcc/pic32mx/4.8.3/../../../../pic32mx/lib\libpic32.a(default-on-bootstrap.o)
 .debug_frame   0x00001318       0x20 d:/nu32/bin/bin/../../lib/gcc/pic32mx/4.8.3/../../../../pic32mx/lib\libpic32.a(defaultinterrupt.o)
 .debug_frame   0x00001338       0x28 d:/nu32/bin/bin/../../lib/gcc/pic32mx/4.8.3/../../../../pic32mx/lib\libc.a(sprintf_cdfFnopuxX.eo)
 .debug_frame   0x00001360       0x58 d:/nu32/bin/bin/../../lib/gcc/pic32mx/4.8.3/../../../../pic32mx/lib\libc.a(doprnt_cdfFnopuxX.eo)
 .debug_frame   0x000013b8       0x2c d:/nu32/bin/bin/../../lib/gcc/pic32mx/4.8.3/../../../../pic32mx/lib\libc.a(_fputc_simple.o)
 .debug_frame   0x000013e4       0x28 d:/nu32/bin/bin/../../lib/gcc/pic32mx/4.8.3/../../../../pic32mx/lib\libc.a(_flsbuf_simple.o)
 .debug_frame   0x0000140c       0x2c d:/nu32/bin/bin/../../lib/gcc/pic32mx/4.8.3/../../../../pic32mx/lib\libe.a(_fixunsdfdi.o)
 .debug_frame   0x00001438       0x20 d:/nu32/bin/bin/../../lib/gcc/pic32mx/4.8.3/../../../../pic32mx/lib\libe.a(_orderdf2.o)
 .debug_frame   0x00001458       0x20 d:/nu32/bin/bin/../../lib/gcc/pic32mx/4.8.3/../../../../pic32mx/lib\libe.a(_fixdfdi.o)
 .debug_frame   0x00001478       0x28 d:/nu32/bin/bin/../../lib/gcc/pic32mx/4.8.3\libgcc.a(_floatundidf.o)
 .debug_frame   0x000014a0       0x20 d:/nu32/bin/bin/../../lib/gcc/pic32mx/4.8.3\libgcc.a(_udivdi3.o)
 .debug_frame   0x000014c0       0x20 d:/nu32/bin/bin/../../lib/gcc/pic32mx/4.8.3\libgcc.a(_umoddi3.o)
 .debug_frame   0x000014e0       0x28 d:/nu32/bin/bin/../../lib/gcc/pic32mx/4.8.3\libgcc.a(floatunsidf.o)
 .debug_frame   0x00001508       0x38 d:/nu32/bin/bin/../../lib/gcc/pic32mx/4.8.3/../../../../pic32mx/lib\libpic32.a(write.o)
 .debug_frame   0x00001540       0x28 d:/nu32/bin/bin/../../lib/gcc/pic32mx/4.8.3/../../../../pic32mx/lib\libpic32.a(_mon_putc.o)

.debug_str      0x00000000      0x8ff
 *(.debug_str)
 .debug_str     0x00000000       0x46 build/default/production/_ext/639803181/sys_clk_pic32mx.o
 .debug_str     0x00000046       0x16 build/default/production/_ext/340578644/sys_devcon.o
 .debug_str     0x0000005c        0x6 build/default/production/_ext/340578644/sys_devcon_pic32mx.o
 .debug_str     0x00000062       0x98 build/default/production/_ext/822048611/sys_ports_static.o
 .debug_str     0x000000fa      0x119 build/default/production/_ext/1688732426/system_init.o
 .debug_str     0x00000213        0x0 build/default/production/_ext/1688732426/system_interrupt.o
 .debug_str     0x00000213        0x0 build/default/production/_ext/1688732426/system_exceptions.o
 .debug_str     0x00000213        0x0 build/default/production/_ext/1688732426/system_tasks.o
 .debug_str     0x00000213       0x20 build/default/production/_ext/1360937237/app.o
 .debug_str     0x00000233        0x0 build/default/production/_ext/1360937237/main.o
 .debug_str     0x00000233       0x79 build/default/production/_ext/1360937237/imu.o
 .debug_str     0x000002ac        0x0 build/default/production/_ext/1360937237/i2c_master.o
 .debug_str     0x000002ac       0x1c build/default/production/_ext/1360937237/ili9341.o
 .debug_str     0x000002c8       0xa2 build/default/production/_ext/764219029/drv_usbfs.o
 .debug_str     0x0000036a      0x173 build/default/production/_ext/764219029/drv_usbfs_device.o
 .debug_str     0x000004dd       0x1d build/default/production/_ext/122796885/sys_int_pic32.o
 .debug_str     0x000004fa      0x2d7 build/default/production/_ext/610166344/usb_device.o
 .debug_str     0x000007d1      0x120 build/default/production/_ext/610166344/usb_device_cdc.o
 .debug_str     0x000008f1        0xe build/default/production/_ext/610166344/usb_device_cdc_acm.o
 .debug_str     0x000008ff        0x0 d:/nu32/bin/bin/../../lib/gcc/pic32mx/4.8.3/../../../../pic32mx/lib\libpic32.a(default-bootstrap-exception-handler.o)
 .debug_str     0x000008ff        0x0 d:/nu32/bin/bin/../../lib/gcc/pic32mx/4.8.3/../../../../pic32mx/lib\libpic32.a(default-on-reset.o)
 .debug_str     0x000008ff        0x0 d:/nu32/bin/bin/../../lib/gcc/pic32mx/4.8.3/../../../../pic32mx/lib\libpic32.a(default-on-bootstrap.o)
 .debug_str     0x000008ff        0x0 d:/nu32/bin/bin/../../lib/gcc/pic32mx/4.8.3/../../../../pic32mx/lib\libpic32.a(defaultinterrupt.o)
 .debug_str     0x000008ff        0x0 d:/nu32/bin/bin/../../lib/gcc/pic32mx/4.8.3/../../../../pic32mx/lib\libc.a(sprintf_cdfFnopuxX.eo)
 .debug_str     0x000008ff        0x0 d:/nu32/bin/bin/../../lib/gcc/pic32mx/4.8.3/../../../../pic32mx/lib\libc.a(doprnt_cdfFnopuxX.eo)
 .debug_str     0x000008ff        0x0 d:/nu32/bin/bin/../../lib/gcc/pic32mx/4.8.3/../../../../pic32mx/lib\libc.a(_fputc_simple.o)
 .debug_str     0x000008ff        0x0 d:/nu32/bin/bin/../../lib/gcc/pic32mx/4.8.3/../../../../pic32mx/lib\libc.a(ctype.o)
 .debug_str     0x000008ff        0x0 d:/nu32/bin/bin/../../lib/gcc/pic32mx/4.8.3/../../../../pic32mx/lib\libc.a(ldpowers.o)
 .debug_str     0x000008ff        0x0 d:/nu32/bin/bin/../../lib/gcc/pic32mx/4.8.3/../../../../pic32mx/lib\libc.a(_iob.o)
 .debug_str     0x000008ff        0x0 d:/nu32/bin/bin/../../lib/gcc/pic32mx/4.8.3/../../../../pic32mx/lib\libc.a(_flsbuf_simple.o)
 .debug_str     0x000008ff        0x0 d:/nu32/bin/bin/../../lib/gcc/pic32mx/4.8.3/../../../../pic32mx/lib\libe.a(_fixunsdfdi.o)
 .debug_str     0x000008ff        0x0 d:/nu32/bin/bin/../../lib/gcc/pic32mx/4.8.3/../../../../pic32mx/lib\libe.a(_orderdf2.o)
 .debug_str     0x000008ff        0x0 d:/nu32/bin/bin/../../lib/gcc/pic32mx/4.8.3/../../../../pic32mx/lib\libe.a(_fixdfdi.o)
 .debug_str     0x000008ff        0x0 d:/nu32/bin/bin/../../lib/gcc/pic32mx/4.8.3\libgcc.a(_floatundidf.o)
 .debug_str     0x000008ff        0x0 d:/nu32/bin/bin/../../lib/gcc/pic32mx/4.8.3\libgcc.a(_udivdi3.o)
 .debug_str     0x000008ff        0x0 d:/nu32/bin/bin/../../lib/gcc/pic32mx/4.8.3\libgcc.a(_umoddi3.o)
 .debug_str     0x000008ff        0x0 d:/nu32/bin/bin/../../lib/gcc/pic32mx/4.8.3\libgcc.a(floatunsidf.o)
 .debug_str     0x000008ff        0x0 d:/nu32/bin/bin/../../lib/gcc/pic32mx/4.8.3/../../../../pic32mx/lib\libpic32.a(write.o)
 .debug_str     0x000008ff        0x0 d:/nu32/bin/bin/../../lib/gcc/pic32mx/4.8.3/../../../../pic32mx/lib\libpic32.a(_mon_putc.o)
 .debug_str     0x000008ff        0x0 d:/nu32/bin/bin/../../lib/gcc/pic32mx/4.8.3/../../../../pic32mx/lib\libpic32.a(xc32_uart.o)

.debug_loc      0x00000000     0x8a46
 *(.debug_loc)
 .debug_loc     0x00000000       0x49 build/default/production/_ext/639803181/sys_clk_pic32mx.o
 .debug_loc     0x00000049       0xf0 build/default/production/_ext/340578644/sys_devcon.o
 .debug_loc     0x00000139       0x91 build/default/production/_ext/340578644/sys_devcon_pic32mx.o
 .debug_loc     0x000001ca      0x7ca build/default/production/_ext/822048611/sys_ports_static.o
 .debug_loc     0x00000994       0x21 build/default/production/_ext/1688732426/system_init.o
 .debug_loc     0x000009b5      0x488 build/default/production/_ext/1360937237/app.o
 .debug_loc     0x00000e3d      0x323 build/default/production/_ext/1360937237/imu.o
 .debug_loc     0x00001160       0x21 build/default/production/_ext/1360937237/i2c_master.o
 .debug_loc     0x00001181      0xba8 build/default/production/_ext/1360937237/ili9341.o
 .debug_loc     0x00001d29      0x4de build/default/production/_ext/764219029/drv_usbfs.o
 .debug_loc     0x00002207     0x2301 build/default/production/_ext/764219029/drv_usbfs_device.o
 .debug_loc     0x00004508       0x7c build/default/production/_ext/122796885/sys_int_pic32.o
 .debug_loc     0x00004584     0x1f0b build/default/production/_ext/610166344/usb_device.o
 .debug_loc     0x0000648f      0xdac build/default/production/_ext/610166344/usb_device_cdc.o
 .debug_loc     0x0000723b      0x1ff build/default/production/_ext/610166344/usb_device_cdc_acm.o
 .debug_loc     0x0000743a       0x2c d:/nu32/bin/bin/../../lib/gcc/pic32mx/4.8.3/../../../../pic32mx/lib\libpic32.a(default-bootstrap-exception-handler.o)
 .debug_loc     0x00007466       0x20 d:/nu32/bin/bin/../../lib/gcc/pic32mx/4.8.3/../../../../pic32mx/lib\libe.a(_fixunsdfdi.o)
 .debug_loc     0x00007486       0x41 d:/nu32/bin/bin/../../lib/gcc/pic32mx/4.8.3\libgcc.a(_floatundidf.o)
 .debug_loc     0x000074c7      0xa6a d:/nu32/bin/bin/../../lib/gcc/pic32mx/4.8.3\libgcc.a(_udivdi3.o)
 .debug_loc     0x00007f31      0xa3d d:/nu32/bin/bin/../../lib/gcc/pic32mx/4.8.3\libgcc.a(_umoddi3.o)
 .debug_loc     0x0000896e       0x80 d:/nu32/bin/bin/../../lib/gcc/pic32mx/4.8.3\libgcc.a(floatunsidf.o)
 .debug_loc     0x000089ee       0x38 d:/nu32/bin/bin/../../lib/gcc/pic32mx/4.8.3/../../../../pic32mx/lib\libpic32.a(write.o)
 .debug_loc     0x00008a26       0x20 d:/nu32/bin/bin/../../lib/gcc/pic32mx/4.8.3/../../../../pic32mx/lib\libpic32.a(_mon_putc.o)

.debug_macinfo
 *(.debug_macinfo)

.debug_weaknames
 *(.debug_weaknames)

.debug_funcnames
 *(.debug_funcnames)

.debug_typenames
 *(.debug_typenames)

.debug_varnames
 *(.debug_varnames)

.debug_pubtypes
 *(.debug_pubtypes)

.debug_ranges   0x00000000      0xa00
 *(.debug_ranges)
 .debug_ranges  0x00000000       0x40 build/default/production/_ext/639803181/sys_clk_pic32mx.o
 .debug_ranges  0x00000040       0x68 build/default/production/_ext/340578644/sys_devcon.o
 .debug_ranges  0x000000a8       0x10 build/default/production/_ext/340578644/sys_devcon_pic32mx.o
 .debug_ranges  0x000000b8      0x138 build/default/production/_ext/822048611/sys_ports_static.o
 .debug_ranges  0x000001f0       0x10 build/default/production/_ext/1688732426/system_init.o
 .debug_ranges  0x00000200       0x10 build/default/production/_ext/1688732426/system_interrupt.o
 .debug_ranges  0x00000210       0x10 build/default/production/_ext/1688732426/system_exceptions.o
 .debug_ranges  0x00000220       0x10 build/default/production/_ext/1688732426/system_tasks.o
 .debug_ranges  0x00000230       0x60 build/default/production/_ext/1360937237/app.o
 .debug_ranges  0x00000290       0x10 build/default/production/_ext/1360937237/main.o
 .debug_ranges  0x000002a0       0x50 build/default/production/_ext/1360937237/imu.o
 .debug_ranges  0x000002f0       0x40 build/default/production/_ext/1360937237/i2c_master.o
 .debug_ranges  0x00000330       0x80 build/default/production/_ext/1360937237/ili9341.o
 .debug_ranges  0x000003b0       0x50 build/default/production/_ext/764219029/drv_usbfs.o
 .debug_ranges  0x00000400      0x150 build/default/production/_ext/764219029/drv_usbfs_device.o
 .debug_ranges  0x00000550       0x50 build/default/production/_ext/122796885/sys_int_pic32.o
 .debug_ranges  0x000005a0      0x190 build/default/production/_ext/610166344/usb_device.o
 .debug_ranges  0x00000730       0x78 build/default/production/_ext/610166344/usb_device_cdc.o
 .debug_ranges  0x000007a8       0x10 build/default/production/_ext/610166344/usb_device_cdc_acm.o
 .debug_ranges  0x000007b8       0x10 d:/nu32/bin/bin/../../lib/gcc/pic32mx/4.8.3/../../../../pic32mx/lib\libpic32.a(default-bootstrap-exception-handler.o)
 .debug_ranges  0x000007c8       0x10 d:/nu32/bin/bin/../../lib/gcc/pic32mx/4.8.3/../../../../pic32mx/lib\libpic32.a(default-on-reset.o)
 .debug_ranges  0x000007d8       0x10 d:/nu32/bin/bin/../../lib/gcc/pic32mx/4.8.3/../../../../pic32mx/lib\libpic32.a(default-on-bootstrap.o)
 .debug_ranges  0x000007e8       0x10 d:/nu32/bin/bin/../../lib/gcc/pic32mx/4.8.3/../../../../pic32mx/lib\libpic32.a(defaultinterrupt.o)
 .debug_ranges  0x000007f8       0x10 d:/nu32/bin/bin/../../lib/gcc/pic32mx/4.8.3/../../../../pic32mx/lib\libc.a(sprintf_cdfFnopuxX.eo)
 .debug_ranges  0x00000808       0x18 d:/nu32/bin/bin/../../lib/gcc/pic32mx/4.8.3/../../../../pic32mx/lib\libc.a(doprnt_cdfFnopuxX.eo)
 .debug_ranges  0x00000820       0x10 d:/nu32/bin/bin/../../lib/gcc/pic32mx/4.8.3/../../../../pic32mx/lib\libc.a(_fputc_simple.o)
 .debug_ranges  0x00000830       0x10 d:/nu32/bin/bin/../../lib/gcc/pic32mx/4.8.3/../../../../pic32mx/lib\libc.a(_flsbuf_simple.o)
 .debug_ranges  0x00000840       0x10 d:/nu32/bin/bin/../../lib/gcc/pic32mx/4.8.3/../../../../pic32mx/lib\libe.a(_fixunsdfdi.o)
 .debug_ranges  0x00000850       0x10 d:/nu32/bin/bin/../../lib/gcc/pic32mx/4.8.3/../../../../pic32mx/lib\libe.a(_orderdf2.o)
 .debug_ranges  0x00000860       0x10 d:/nu32/bin/bin/../../lib/gcc/pic32mx/4.8.3/../../../../pic32mx/lib\libe.a(_fixdfdi.o)
 .debug_ranges  0x00000870       0x98 d:/nu32/bin/bin/../../lib/gcc/pic32mx/4.8.3\libgcc.a(_udivdi3.o)
 .debug_ranges  0x00000908       0xd8 d:/nu32/bin/bin/../../lib/gcc/pic32mx/4.8.3\libgcc.a(_umoddi3.o)
 .debug_ranges  0x000009e0       0x10 d:/nu32/bin/bin/../../lib/gcc/pic32mx/4.8.3/../../../../pic32mx/lib\libpic32.a(write.o)
 .debug_ranges  0x000009f0       0x10 d:/nu32/bin/bin/../../lib/gcc/pic32mx/4.8.3/../../../../pic32mx/lib\libpic32.a(_mon_putc.o)

.gnu.attributes
                0x00000000       0x10
 *(.gnu.attributes)
 .gnu.attributes
                0x00000000       0x10 build/default/production/_ext/639803181/sys_clk_pic32mx.o
 .gnu.attributes
                0x00000010       0x10 build/default/production/_ext/340578644/sys_devcon.o
 .gnu.attributes
                0x00000020       0x10 build/default/production/_ext/340578644/sys_devcon_pic32mx.o
 .gnu.attributes
                0x00000030       0x10 build/default/production/_ext/822048611/sys_ports_static.o
 .gnu.attributes
                0x00000040       0x10 build/default/production/_ext/1688732426/system_init.o
 .gnu.attributes
                0x00000050       0x10 build/default/production/_ext/1688732426/system_interrupt.o
 .gnu.attributes
                0x00000060       0x10 build/default/production/_ext/1688732426/system_exceptions.o
 .gnu.attributes
                0x00000070       0x10 build/default/production/_ext/1688732426/system_tasks.o
 .gnu.attributes
                0x00000080       0x10 build/default/production/_ext/1360937237/app.o
 .gnu.attributes
                0x00000090       0x10 build/default/production/_ext/1360937237/main.o
 .gnu.attributes
                0x000000a0       0x10 build/default/production/_ext/1360937237/imu.o
 .gnu.attributes
                0x000000b0       0x10 build/default/production/_ext/1360937237/i2c_master.o
 .gnu.attributes
                0x000000c0       0x10 build/default/production/_ext/1360937237/ili9341.o
 .gnu.attributes
                0x000000d0       0x10 build/default/production/_ext/764219029/drv_usbfs.o
 .gnu.attributes
                0x000000e0       0x10 build/default/production/_ext/764219029/drv_usbfs_device.o
 .gnu.attributes
                0x000000f0       0x10 build/default/production/_ext/122796885/sys_int_pic32.o
 .gnu.attributes
                0x00000100       0x10 build/default/production/_ext/610166344/usb_device.o
 .gnu.attributes
                0x00000110       0x10 build/default/production/_ext/610166344/usb_device_cdc.o
 .gnu.attributes
                0x00000120       0x10 build/default/production/_ext/610166344/usb_device_cdc_acm.o
 .gnu.attributes
                0x00000130       0x10 d:/nu32/bin/bin/../../lib/gcc/pic32mx/4.8.3/../../../../pic32mx/lib\libpic32.a(default-bootstrap-exception-handler.o)
 .gnu.attributes
                0x00000140       0x10 d:/nu32/bin/bin/../../lib/gcc/pic32mx/4.8.3/../../../../pic32mx/lib\libpic32.a(default-on-reset.o)
 .gnu.attributes
                0x00000150       0x10 d:/nu32/bin/bin/../../lib/gcc/pic32mx/4.8.3/../../../../pic32mx/lib\libpic32.a(default-on-bootstrap.o)
 .gnu.attributes
                0x00000160       0x10 d:/nu32/bin/bin/../../lib/gcc/pic32mx/4.8.3/../../../../pic32mx/lib\libpic32.a(defaultinterrupt.o)
 .gnu.attributes
                0x00000170       0x10 d:/nu32/bin/bin/../../lib/gcc/pic32mx/4.8.3/../../../../pic32mx/lib\libc.a(sprintf_cdfFnopuxX.eo)
 .gnu.attributes
                0x00000180       0x10 d:/nu32/bin/bin/../../lib/gcc/pic32mx/4.8.3/../../../../pic32mx/lib\libc.a(doprnt_cdfFnopuxX.eo)
 .gnu.attributes
                0x00000190       0x10 d:/nu32/bin/bin/../../lib/gcc/pic32mx/4.8.3/../../../../pic32mx/lib\libc.a(_fputc_simple.o)
 .gnu.attributes
                0x000001a0       0x10 d:/nu32/bin/bin/../../lib/gcc/pic32mx/4.8.3/../../../../pic32mx/lib\libc.a(ctype.o)
 .gnu.attributes
                0x000001b0       0x10 d:/nu32/bin/bin/../../lib/gcc/pic32mx/4.8.3/../../../../pic32mx/lib\libc.a(ldpowers.o)
 .gnu.attributes
                0x000001c0       0x10 d:/nu32/bin/bin/../../lib/gcc/pic32mx/4.8.3/../../../../pic32mx/lib\libc.a(_iob.o)
 .gnu.attributes
                0x000001d0       0x10 d:/nu32/bin/bin/../../lib/gcc/pic32mx/4.8.3/../../../../pic32mx/lib\libc.a(_flsbuf_simple.o)
 .gnu.attributes
                0x000001e0       0x10 d:/nu32/bin/bin/../../lib/gcc/pic32mx/4.8.3/../../../../pic32mx/lib\libe.a(_fixunsdfdi.o)
 .gnu.attributes
                0x000001f0       0x10 d:/nu32/bin/bin/../../lib/gcc/pic32mx/4.8.3/../../../../pic32mx/lib\libe.a(_orderdf2.o)
 .gnu.attributes
                0x00000200       0x10 d:/nu32/bin/bin/../../lib/gcc/pic32mx/4.8.3/../../../../pic32mx/lib\libe.a(_fixdfdi.o)
 .gnu.attributes
                0x00000210       0x10 d:/nu32/bin/bin/../../lib/gcc/pic32mx/4.8.3\libgcc.a(_floatundidf.o)
 .gnu.attributes
                0x00000220       0x10 d:/nu32/bin/bin/../../lib/gcc/pic32mx/4.8.3\libgcc.a(_udivdi3.o)
 .gnu.attributes
                0x00000230       0x10 d:/nu32/bin/bin/../../lib/gcc/pic32mx/4.8.3\libgcc.a(_umoddi3.o)
 .gnu.attributes
                0x00000240       0x10 d:/nu32/bin/bin/../../lib/gcc/pic32mx/4.8.3\libgcc.a(floatunsidf.o)
 .gnu.attributes
                0x00000250       0x10 d:/nu32/bin/bin/../../lib/gcc/pic32mx/4.8.3/../../../../pic32mx/lib\libpic32.a(write.o)
 .gnu.attributes
                0x00000260       0x10 d:/nu32/bin/bin/../../lib/gcc/pic32mx/4.8.3/../../../../pic32mx/lib\libpic32.a(_mon_putc.o)
 .gnu.attributes
                0x00000270       0x10 d:/nu32/bin/bin/../../lib/gcc/pic32mx/4.8.3/../../../../pic32mx/lib\libpic32.a(xc32_uart.o)
LOAD d:/nu32/bin/bin/../../lib/gcc/pic32mx/4.8.3\libgcc.a
START GROUP
LOAD d:/nu32/bin/bin/../../lib/gcc/pic32mx/4.8.3/../../../../pic32mx/lib\libpic32.a
LOAD d:/nu32/bin/bin/../../lib/gcc/pic32mx/4.8.3/../../../../pic32mx/lib\libdebug.a
LOAD d:/nu32/bin/bin/../../lib/gcc/pic32mx/4.8.3/../../../../pic32mx/lib\libpic32.a
LOAD d:/nu32/bin/bin/../../lib/gcc/pic32mx/4.8.3/../../../../pic32mx/lib\libc.a
LOAD d:/nu32/bin/bin/../../lib/gcc/pic32mx/4.8.3/../../../../pic32mx/lib\libc.a
LOAD d:/nu32/bin/bin/../../lib/gcc/pic32mx/4.8.3/../../../../pic32mx/lib\libm.a
LOAD d:/nu32/bin/bin/../../lib/gcc/pic32mx/4.8.3/../../../../pic32mx/lib\libe.a
LOAD d:/nu32/bin/bin/../../lib/gcc/pic32mx/4.8.3/../../../../pic32mx/lib\libdsp.a
LOAD d:/nu32/bin/bin/../../lib/gcc/pic32mx/4.8.3\libgcc.a
LOAD d:/nu32/bin/bin/../../lib/gcc/pic32mx/4.8.3/../../../../pic32mx/lib\libpic32.a
END GROUP
LOAD d:/nu32/bin/bin/../../lib/gcc/pic32mx/4.8.3\libgcc.a
OUTPUT(dist/default/production/HW11.X.production.elf elf32-tradlittlemips)
LOAD stack
LOAD data_init

.reginfo        0x00000000       0x18
 .reginfo       0x00000000       0x18 d:/nu32/bin/bin/../../lib/gcc/pic32mx/4.8.3/../../../../pic32mx/lib\debug-exception-return.o

.stack          0xa0000778      0x400
 .stack         0xa0000778      0x400 stack

.bss            0xa0000054       0xbc
 .bss           0xa0000054       0xbc build/default/production/_ext/610166344/usb_device.o

.data           0xa0000110       0x50
 .data          0xa0000110       0x50 build/default/production/_ext/764219029/drv_usbfs_device.o
                0xa0000110                gDrvUSBFSDeviceInterface

.bss            0xa0000160       0x44
 .bss           0xa0000160       0x44 d:/nu32/bin/bin/../../lib/gcc/pic32mx/4.8.3/../../../../pic32mx/lib\libc.a(_iob.o)
                0xa0000160                _sobuf
                0xa0000180                _sibuf
                0xa00001a0                _outdone

.data           0xa00001a4       0x14
 .data          0xa00001a4       0x14 build/default/production/_ext/1360937237/app.o
                0xa00001a4                FIR_WEIGHT

.bss            0xa00001b8       0x14
 .bss           0xa00001b8       0x14 build/default/production/_ext/1360937237/app.o
                0xa00001b8                MAF_ARRAY

._debug_exception
                0xbfc00480       0x2c
 ._debug_exception
                0xbfc00480       0x2c d:/nu32/bin/bin/../../lib/gcc/pic32mx/4.8.3/../../../../pic32mx/lib\debug-exception-return.o
                0xbfc00480                __DbgExecReturn

.text._vfprintf_cdfFnopuxX
                0x9d000000     0x1554
 .text._vfprintf_cdfFnopuxX
                0x9d000000     0x1554 d:/nu32/bin/bin/../../lib/gcc/pic32mx/4.8.3/../../../../pic32mx/lib\libc.a(doprnt_cdfFnopuxX.eo)
                0x9d000000                _vfprintf_cdfFnopuxX

.text._DRV_USBFS_DEVICE_Tasks_ISR
                0x9d001554      0x680
 .text._DRV_USBFS_DEVICE_Tasks_ISR
                0x9d001554      0x680 build/default/production/_ext/764219029/drv_usbfs_device.o
                0x9d001554                _DRV_USBFS_DEVICE_Tasks_ISR

.text.LCD_init  0x9d001bd4      0x644
 .text.LCD_init
                0x9d001bd4      0x644 build/default/production/_ext/1360937237/ili9341.o
                0x9d001bd4                LCD_init

.text.APP_Tasks
                0x9d002218      0x5c0
 .text.APP_Tasks
                0x9d002218      0x5c0 build/default/production/_ext/1360937237/app.o
                0x9d002218                APP_Tasks

.text.dp32mul   0x9d0027d8      0x4b8
 .text.dp32mul  0x9d0027d8      0x4b8 d:/nu32/bin/bin/../../lib/gcc/pic32mx/4.8.3/../../../../pic32mx/lib\libm.a(dp32div.o)
                0x9d0027d8                __divdf3
                0x9d0027d8                dpdiv

.text           0x9d002c90      0x8bc
 .text          0x9d002c90      0x464 d:/nu32/bin/bin/../../lib/gcc/pic32mx/4.8.3\libgcc.a(_umoddi3.o)
                0x9d002c90                __umoddi3
 .text          0x9d0030f4      0x458 d:/nu32/bin/bin/../../lib/gcc/pic32mx/4.8.3\libgcc.a(_udivdi3.o)
                0x9d0030f4                __udivdi3

.text.dp32subadd
                0x9d00354c      0x430
 .text.dp32subadd
                0x9d00354c      0x430 d:/nu32/bin/bin/../../lib/gcc/pic32mx/4.8.3/../../../../pic32mx/lib\libm.a(dp32subadd.o)
                0x9d00354c                __subdf3
                0x9d00354c                dpsub
                0x9d003554                dpadd
                0x9d003554                __adddf3

.text.dp32mul   0x9d00397c      0x32c
 .text.dp32mul  0x9d00397c      0x32c d:/nu32/bin/bin/../../lib/gcc/pic32mx/4.8.3/../../../../pic32mx/lib\libm.a(dp32mul.o)
                0x9d00397c                __muldf3
                0x9d00397c                dpmul

.text.fpsubadd  0x9d003ca8      0x278
 .text.fpsubadd
                0x9d003ca8      0x278 d:/nu32/bin/bin/../../lib/gcc/pic32mx/4.8.3/../../../../pic32mx/lib\libm.a(fp32subadd.o)
                0x9d003ca8                fpsub
                0x9d003ca8                __subsf3
                0x9d003cb0                __addsf3
                0x9d003cb0                fpadd

.text.LCD_ybar  0x9d003f20      0x240
 .text.LCD_ybar
                0x9d003f20      0x240 build/default/production/_ext/1360937237/ili9341.o
                0x9d003f20                LCD_ybar

.text.LCD_xbar  0x9d004160      0x23c
 .text.LCD_xbar
                0x9d004160      0x23c build/default/production/_ext/1360937237/ili9341.o
                0x9d004160                LCD_xbar

.text.scale     0x9d00439c      0x23c
 .text.scale    0x9d00439c      0x23c d:/nu32/bin/bin/../../lib/gcc/pic32mx/4.8.3/../../../../pic32mx/lib\libc.a(doprnt_cdfFnopuxX.eo)

.text.fp32div   0x9d0045d8      0x230
 .text.fp32div  0x9d0045d8      0x230 d:/nu32/bin/bin/../../lib/gcc/pic32mx/4.8.3/../../../../pic32mx/lib\libm.a(fp32div.o)
                0x9d0045d8                fpdiv
                0x9d0045d8                __divsf3

.text.DRV_USBFS_DEVICE_IRPSubmit
                0x9d004808      0x22c
 .text.DRV_USBFS_DEVICE_IRPSubmit
                0x9d004808      0x22c build/default/production/_ext/764219029/drv_usbfs_device.o
                0x9d004808                DRV_USBFS_DEVICE_IRPSubmit

.text._USB_DEVICE_EventHandler
                0x9d004a34      0x218
 .text._USB_DEVICE_EventHandler
                0x9d004a34      0x218 build/default/production/_ext/610166344/usb_device.o
                0x9d004a34                _USB_DEVICE_EventHandler

.text._USB_DEVICE_ProcessStandardDeviceSetRequests
                0x9d004c4c      0x214
 .text._USB_DEVICE_ProcessStandardDeviceSetRequests
                0x9d004c4c      0x214 build/default/production/_ext/610166344/usb_device.o
                0x9d004c4c                _USB_DEVICE_ProcessStandardDeviceSetRequests

.text._USB_DEVICE_ProcessStandardDeviceGetRequests
                0x9d004e60      0x20c
 .text._USB_DEVICE_ProcessStandardDeviceGetRequests
                0x9d004e60      0x20c build/default/production/_ext/610166344/usb_device.o
                0x9d004e60                _USB_DEVICE_ProcessStandardDeviceGetRequests

.text._USB_DEVICE_ControlTransferHandler
                0x9d00506c      0x1fc
 .text._USB_DEVICE_ControlTransferHandler
                0x9d00506c      0x1fc build/default/production/_ext/610166344/usb_device.o
                0x9d00506c                _USB_DEVICE_ControlTransferHandler

.rodata         0x9d005268      0x1e4
 .rodata        0x9d005268      0x1e4 build/default/production/_ext/1360937237/ili9341.o

.text.USB_DEVICE_CDC_Write
                0x9d00544c      0x1cc
 .text.USB_DEVICE_CDC_Write
                0x9d00544c      0x1cc build/default/production/_ext/610166344/usb_device_cdc.o
                0x9d00544c                USB_DEVICE_CDC_Write

.text.DRV_USBFS_DEVICE_EndpointStallClear
                0x9d005618      0x1c8
 .text.DRV_USBFS_DEVICE_EndpointStallClear
                0x9d005618      0x1c8 build/default/production/_ext/764219029/drv_usbfs_device.o
                0x9d005618                DRV_USBFS_DEVICE_EndpointStallClear

.text.fp32mul   0x9d0057e0      0x1bc
 .text.fp32mul  0x9d0057e0      0x1bc d:/nu32/bin/bin/../../lib/gcc/pic32mx/4.8.3/../../../../pic32mx/lib\libm.a(fp32mul.o)
                0x9d0057e0                fpmul
                0x9d0057e0                __mulsf3

.text.DRV_USBFS_DEVICE_EndpointStall
                0x9d00599c      0x1b8
 .text.DRV_USBFS_DEVICE_EndpointStall
                0x9d00599c      0x1b8 build/default/production/_ext/764219029/drv_usbfs_device.o
                0x9d00599c                DRV_USBFS_DEVICE_EndpointStall

.text.USB_DEVICE_CDC_Read
                0x9d005b54      0x1ac
 .text.USB_DEVICE_CDC_Read
                0x9d005b54      0x1ac build/default/production/_ext/610166344/usb_device_cdc.o
                0x9d005b54                USB_DEVICE_CDC_Read

.text.DRV_USBFS_DEVICE_EndpointEnable
                0x9d005d00      0x198
 .text.DRV_USBFS_DEVICE_EndpointEnable
                0x9d005d00      0x198 build/default/production/_ext/764219029/drv_usbfs_device.o
                0x9d005d00                DRV_USBFS_DEVICE_EndpointEnable

.text._USB_DEVICE_Ep0ReceiveCompleteCallback
                0x9d005e98      0x184
 .text._USB_DEVICE_Ep0ReceiveCompleteCallback
                0x9d005e98      0x184 build/default/production/_ext/610166344/usb_device.o
                0x9d005e98                _USB_DEVICE_Ep0ReceiveCompleteCallback

.rodata         0x9d00601c      0x17c
 .rodata        0x9d00601c      0x17c build/default/production/_ext/1688732426/system_init.o
                0x9d00601c                usbDevInitData
                0x9d006050                usbMasterDescriptor
                0x9d00607c                stringDescriptors
                0x9d006088                sd002
                0x9d0060b8                sd001
                0x9d0060ec                sd000
                0x9d0060f0                fullSpeedConfigDescSet
                0x9d0060f4                fullSpeedConfigurationDescriptor
                0x9d006138                deviceDescriptor
                0x9d00614c                funcRegistrationTable
                0x9d006160                cdcInit0
                0x9d00616c                drvUSBFSInit

.text._USB_DEVICE_CDC_ACMSetUpPacketHandler
                0x9d006198      0x174
 .text._USB_DEVICE_CDC_ACMSetUpPacketHandler
                0x9d006198      0x174 build/default/production/_ext/610166344/usb_device_cdc_acm.o
                0x9d006198                _USB_DEVICE_CDC_ACMSetUpPacketHandler

.text.USB_DEVICE_Tasks
                0x9d00630c      0x170
 .text.USB_DEVICE_Tasks
                0x9d00630c      0x170 build/default/production/_ext/610166344/usb_device.o
                0x9d00630c                USB_DEVICE_Tasks

.text           0x9d00647c      0x168